MPLINK 5.08, LINKER
Linker Map File - Created Mon Sep 21 21:37:49 2020

                                 Section Info
                  Section       Type    Address   Location Size(Bytes)
                ---------  ---------  ---------  ---------  ---------
                 RES_VECT       code   0x000000    program   0x000002
                   .cinit    romdata   0x000001    program   0x000004
                  ISR_VEC       code   0x000004    program   0x00018a
                MAIN_PROG       code   0x000100    program   0x000876
.config_2007_BUILD/DEFAULT/PRODUCTION/TRY1.O       code   0x002007    program   0x000002
.config_2008_BUILD/DEFAULT/PRODUCTION/TRY1.O       code   0x002008    program   0x000002
                  GPR_VAR      udata   0x000020       data   0x00002d



                              Program Memory Usage 
                               Start         End      
                           ---------   ---------      
                            0x000000    0x000002      
                            0x000004    0x0000c8      
                            0x000100    0x00053a      
                            0x002007    0x002008      
            1285 out of 8455 program addresses used, program memory utilization is 15%



                              Symbols - Sorted by Name
                     Name    Address   Location    Storage File                     
                ---------  ---------  ---------  --------- ---------                
                      ABR   0x00031c    program     static C:\Users\julit\Documents\GitHub\micros-\PROJECT1.X\TRY1.asm
                      AGO   0x0003b4    program     static C:\Users\julit\Documents\GitHub\micros-\PROJECT1.X\TRY1.asm
               ALARMACERO   0x0001cb    program     static C:\Users\julit\Documents\GitHub\micros-\PROJECT1.X\TRY1.asm
               ALARMADADA   0x0001e8    program     static C:\Users\julit\Documents\GitHub\micros-\PROJECT1.X\TRY1.asm
               ALARMADUDU   0x0001df    program     static C:\Users\julit\Documents\GitHub\micros-\PROJECT1.X\TRY1.asm
             CHANGEALARMA   0x000276    program     static C:\Users\julit\Documents\GitHub\micros-\PROJECT1.X\TRY1.asm
              CONFIG_FLAG   0x00048a    program     static C:\Users\julit\Documents\GitHub\micros-\PROJECT1.X\TRY1.asm
                CONFIG_IO   0x00051a    program     static C:\Users\julit\Documents\GitHub\micros-\PROJECT1.X\TRY1.asm
            CONFIG_TIMER0   0x000498    program     static C:\Users\julit\Documents\GitHub\micros-\PROJECT1.X\TRY1.asm
            CONFIG_TIMER1   0x0004a5    program     static C:\Users\julit\Documents\GitHub\micros-\PROJECT1.X\TRY1.asm
            CONFIG_TIMER2   0x0004b3    program     static C:\Users\julit\Documents\GitHub\micros-\PROJECT1.X\TRY1.asm
                DIASEXTRA   0x0002c6    program     static C:\Users\julit\Documents\GitHub\micros-\PROJECT1.X\TRY1.asm
            DIASEXTRAABRI   0x000338    program     static C:\Users\julit\Documents\GitHub\micros-\PROJECT1.X\TRY1.asm
             DIASEXTRAAGO   0x0003d0    program     static C:\Users\julit\Documents\GitHub\micros-\PROJECT1.X\TRY1.asm
             DIASEXTRADIC   0x000468    program     static C:\Users\julit\Documents\GitHub\micros-\PROJECT1.X\TRY1.asm
             DIASEXTRAFEB   0x0002ec    program     static C:\Users\julit\Documents\GitHub\micros-\PROJECT1.X\TRY1.asm
             DIASEXTRAJUL   0x0003aa    program     static C:\Users\julit\Documents\GitHub\micros-\PROJECT1.X\TRY1.asm
             DIASEXTRAJUN   0x000384    program     static C:\Users\julit\Documents\GitHub\micros-\PROJECT1.X\TRY1.asm
             DIASEXTRAMAR   0x000312    program     static C:\Users\julit\Documents\GitHub\micros-\PROJECT1.X\TRY1.asm
             DIASEXTRAMAY   0x00035e    program     static C:\Users\julit\Documents\GitHub\micros-\PROJECT1.X\TRY1.asm
             DIASEXTRANOV   0x000442    program     static C:\Users\julit\Documents\GitHub\micros-\PROJECT1.X\TRY1.asm
             DIASEXTRAOCT   0x00041c    program     static C:\Users\julit\Documents\GitHub\micros-\PROJECT1.X\TRY1.asm
             DIASEXTRASEP   0x0003f6    program     static C:\Users\julit\Documents\GitHub\micros-\PROJECT1.X\TRY1.asm
                      DIC   0x00044c    program     static C:\Users\julit\Documents\GitHub\micros-\PROJECT1.X\TRY1.asm
               DISPLAY_GE   0x0004c0    program     static C:\Users\julit\Documents\GitHub\micros-\PROJECT1.X\TRY1.asm
          DISPLAY_GEALRMA   0x0004fc    program     static C:\Users\julit\Documents\GitHub\micros-\PROJECT1.X\TRY1.asm
            DISPLAY_GEMES   0x0004de    program     static C:\Users\julit\Documents\GitHub\micros-\PROJECT1.X\TRY1.asm
                      ENE   0x0002aa    program     static C:\Users\julit\Documents\GitHub\micros-\PROJECT1.X\TRY1.asm
                  ESTADOS   0x0000a0    program     static C:\Users\julit\Documents\GitHub\micros-\PROJECT1.X\TRY1.asm
                      FEB   0x0002d0    program     static C:\Users\julit\Documents\GitHub\micros-\PROJECT1.X\TRY1.asm
                FUE_TIMR0   0x000015    program     static C:\Users\julit\Documents\GitHub\micros-\PROJECT1.X\TRY1.asm
                FUE_TIMR1   0x000021    program     static C:\Users\julit\Documents\GitHub\micros-\PROJECT1.X\TRY1.asm
                FUE_TIMR2   0x000029    program     static C:\Users\julit\Documents\GitHub\micros-\PROJECT1.X\TRY1.asm
                     HERE   0x0002b6    program     static C:\Users\julit\Documents\GitHub\micros-\PROJECT1.X\TRY1.asm
                 HEREABRI   0x000328    program     static C:\Users\julit\Documents\GitHub\micros-\PROJECT1.X\TRY1.asm
                  HEREAGO   0x0003c0    program     static C:\Users\julit\Documents\GitHub\micros-\PROJECT1.X\TRY1.asm
                  HEREDIC   0x000458    program     static C:\Users\julit\Documents\GitHub\micros-\PROJECT1.X\TRY1.asm
                  HEREFEB   0x0002dc    program     static C:\Users\julit\Documents\GitHub\micros-\PROJECT1.X\TRY1.asm
                  HEREJUL   0x00039a    program     static C:\Users\julit\Documents\GitHub\micros-\PROJECT1.X\TRY1.asm
                  HEREJUN   0x000374    program     static C:\Users\julit\Documents\GitHub\micros-\PROJECT1.X\TRY1.asm
                  HEREMAR   0x000302    program     static C:\Users\julit\Documents\GitHub\micros-\PROJECT1.X\TRY1.asm
                  HEREMAY   0x00034e    program     static C:\Users\julit\Documents\GitHub\micros-\PROJECT1.X\TRY1.asm
                  HERENOV   0x000432    program     static C:\Users\julit\Documents\GitHub\micros-\PROJECT1.X\TRY1.asm
                  HEREOCT   0x00040c    program     static C:\Users\julit\Documents\GitHub\micros-\PROJECT1.X\TRY1.asm
                  HERESEP   0x0003e6    program     static C:\Users\julit\Documents\GitHub\micros-\PROJECT1.X\TRY1.asm
                HORARESET   0x00029d    program     static C:\Users\julit\Documents\GitHub\micros-\PROJECT1.X\TRY1.asm
               HORARESET2   0x000299    program     static C:\Users\julit\Documents\GitHub\micros-\PROJECT1.X\TRY1.asm
                    HORAS   0x000046    program     static C:\Users\julit\Documents\GitHub\micros-\PROJECT1.X\TRY1.asm
                  HORAS_L   0x000061    program     static C:\Users\julit\Documents\GitHub\micros-\PROJECT1.X\TRY1.asm
            INCREMENTUNOS   0x000283    program     static C:\Users\julit\Documents\GitHub\micros-\PROJECT1.X\TRY1.asm
        INCREMENTUNOS_MES   0x0002aa    program     static C:\Users\julit\Documents\GitHub\micros-\PROJECT1.X\TRY1.asm
    INCREMENTUNOS_MESABRI   0x00031c    program     static C:\Users\julit\Documents\GitHub\micros-\PROJECT1.X\TRY1.asm
     INCREMENTUNOS_MESAGO   0x0003b4    program     static C:\Users\julit\Documents\GitHub\micros-\PROJECT1.X\TRY1.asm
     INCREMENTUNOS_MESDIC   0x00044c    program     static C:\Users\julit\Documents\GitHub\micros-\PROJECT1.X\TRY1.asm
     INCREMENTUNOS_MESFEB   0x0002d0    program     static C:\Users\julit\Documents\GitHub\micros-\PROJECT1.X\TRY1.asm
     INCREMENTUNOS_MESJUL   0x00038e    program     static C:\Users\julit\Documents\GitHub\micros-\PROJECT1.X\TRY1.asm
     INCREMENTUNOS_MESJUN   0x000368    program     static C:\Users\julit\Documents\GitHub\micros-\PROJECT1.X\TRY1.asm
     INCREMENTUNOS_MESMAR   0x0002f6    program     static C:\Users\julit\Documents\GitHub\micros-\PROJECT1.X\TRY1.asm
     INCREMENTUNOS_MESMAY   0x000342    program     static C:\Users\julit\Documents\GitHub\micros-\PROJECT1.X\TRY1.asm
     INCREMENTUNOS_MESNOV   0x000426    program     static C:\Users\julit\Documents\GitHub\micros-\PROJECT1.X\TRY1.asm
     INCREMENTUNOS_MESOCT   0x000400    program     static C:\Users\julit\Documents\GitHub\micros-\PROJECT1.X\TRY1.asm
     INCREMENTUNOS_MESSEP   0x0003da    program     static C:\Users\julit\Documents\GitHub\micros-\PROJECT1.X\TRY1.asm
                      ISR   0x000008    program     static C:\Users\julit\Documents\GitHub\micros-\PROJECT1.X\TRY1.asm
                      JUL   0x00038e    program     static C:\Users\julit\Documents\GitHub\micros-\PROJECT1.X\TRY1.asm
                      JUN   0x000368    program     static C:\Users\julit\Documents\GitHub\micros-\PROJECT1.X\TRY1.asm
                 LOOPHORA   0x000135    program     static C:\Users\julit\Documents\GitHub\micros-\PROJECT1.X\TRY1.asm
                  LOOPMES   0x000141    program     static C:\Users\julit\Documents\GitHub\micros-\PROJECT1.X\TRY1.asm
              LOOP_ALARMA   0x00017b    program     static C:\Users\julit\Documents\GitHub\micros-\PROJECT1.X\TRY1.asm
           LOOP_MODALARMA   0x00016b    program     static C:\Users\julit\Documents\GitHub\micros-\PROJECT1.X\TRY1.asm
            LOOP_MOD_HORA   0x00014c    program     static C:\Users\julit\Documents\GitHub\micros-\PROJECT1.X\TRY1.asm
             LOOP_MOD_MES   0x00015c    program     static C:\Users\julit\Documents\GitHub\micros-\PROJECT1.X\TRY1.asm
                      MAR   0x0002f6    program     static C:\Users\julit\Documents\GitHub\micros-\PROJECT1.X\TRY1.asm
                      MAY   0x000342    program     static C:\Users\julit\Documents\GitHub\micros-\PROJECT1.X\TRY1.asm
                      MEN   0x000228    program     static C:\Users\julit\Documents\GitHub\micros-\PROJECT1.X\TRY1.asm
                     MEN2   0x000247    program     static C:\Users\julit\Documents\GitHub\micros-\PROJECT1.X\TRY1.asm
                    MEN2_   0x00024f    program     static C:\Users\julit\Documents\GitHub\micros-\PROJECT1.X\TRY1.asm
                     MENA   0x000266    program     static C:\Users\julit\Documents\GitHub\micros-\PROJECT1.X\TRY1.asm
                    MENA_   0x00026e    program     static C:\Users\julit\Documents\GitHub\micros-\PROJECT1.X\TRY1.asm
                     MEN_   0x000230    program     static C:\Users\julit\Documents\GitHub\micros-\PROJECT1.X\TRY1.asm
                      MES   0x0000a9    program     static C:\Users\julit\Documents\GitHub\micros-\PROJECT1.X\TRY1.asm
                  MESCERO   0x0002cb    program     static C:\Users\julit\Documents\GitHub\micros-\PROJECT1.X\TRY1.asm
              MESCEROABRI   0x00033d    program     static C:\Users\julit\Documents\GitHub\micros-\PROJECT1.X\TRY1.asm
               MESCEROAGO   0x0003d5    program     static C:\Users\julit\Documents\GitHub\micros-\PROJECT1.X\TRY1.asm
               MESCERODIC   0x00046d    program     static C:\Users\julit\Documents\GitHub\micros-\PROJECT1.X\TRY1.asm
               MESCEROFEB   0x0002f1    program     static C:\Users\julit\Documents\GitHub\micros-\PROJECT1.X\TRY1.asm
               MESCEROJUL   0x0003af    program     static C:\Users\julit\Documents\GitHub\micros-\PROJECT1.X\TRY1.asm
               MESCEROJUN   0x000389    program     static C:\Users\julit\Documents\GitHub\micros-\PROJECT1.X\TRY1.asm
               MESCEROMAR   0x000317    program     static C:\Users\julit\Documents\GitHub\micros-\PROJECT1.X\TRY1.asm
               MESCEROMAY   0x000363    program     static C:\Users\julit\Documents\GitHub\micros-\PROJECT1.X\TRY1.asm
               MESCERONOV   0x000447    program     static C:\Users\julit\Documents\GitHub\micros-\PROJECT1.X\TRY1.asm
               MESCEROOCT   0x000421    program     static C:\Users\julit\Documents\GitHub\micros-\PROJECT1.X\TRY1.asm
               MESCEROSEP   0x0003fb    program     static C:\Users\julit\Documents\GitHub\micros-\PROJECT1.X\TRY1.asm
                 MESRESET   0x0002a2    program     static C:\Users\julit\Documents\GitHub\micros-\PROJECT1.X\TRY1.asm
               MESRESET_H   0x0002a6    program     static C:\Users\julit\Documents\GitHub\micros-\PROJECT1.X\TRY1.asm
                    MES_H   0x0000c4    program     static C:\Users\julit\Documents\GitHub\micros-\PROJECT1.X\TRY1.asm
                    MES_L   0x0000b7    program     static C:\Users\julit\Documents\GitHub\micros-\PROJECT1.X\TRY1.asm
                      NOV   0x000426    program     static C:\Users\julit\Documents\GitHub\micros-\PROJECT1.X\TRY1.asm
                      OCT   0x000400    program     static C:\Users\julit\Documents\GitHub\micros-\PROJECT1.X\TRY1.asm
                 PISHLEDS   0x000472    program     static C:\Users\julit\Documents\GitHub\micros-\PROJECT1.X\TRY1.asm
                      POP   0x00000f    program     static C:\Users\julit\Documents\GitHub\micros-\PROJECT1.X\TRY1.asm
               PRE_CARGA1   0x0001bc    program     static C:\Users\julit\Documents\GitHub\micros-\PROJECT1.X\TRY1.asm
               PRE_CARGA2   0x0001c0    program     static C:\Users\julit\Documents\GitHub\micros-\PROJECT1.X\TRY1.asm
               PRE_CARGA3   0x0001c4    program     static C:\Users\julit\Documents\GitHub\micros-\PROJECT1.X\TRY1.asm
               PRE_CARGA4   0x0001c8    program     static C:\Users\julit\Documents\GitHub\micros-\PROJECT1.X\TRY1.asm
          PRE_CARGA_RESET   0x0001b7    program     static C:\Users\julit\Documents\GitHub\micros-\PROJECT1.X\TRY1.asm
                     PUSH   0x000004    program     static C:\Users\julit\Documents\GitHub\micros-\PROJECT1.X\TRY1.asm
                RESETLOOP   0x00018d    program     static C:\Users\julit\Documents\GitHub\micros-\PROJECT1.X\TRY1.asm
                      SEP   0x0003da    program     static C:\Users\julit\Documents\GitHub\micros-\PROJECT1.X\TRY1.asm
                  SEV_SEG   0x000035    program     static C:\Users\julit\Documents\GitHub\micros-\PROJECT1.X\TRY1.asm
                  SHOWOFF   0x000476    program     static C:\Users\julit\Documents\GitHub\micros-\PROJECT1.X\TRY1.asm
                   SHOWON   0x000479    program     static C:\Users\julit\Documents\GitHub\micros-\PROJECT1.X\TRY1.asm
                    START   0x000100    program     static C:\Users\julit\Documents\GitHub\micros-\PROJECT1.X\TRY1.asm
                     SUMA   0x000218    program     static C:\Users\julit\Documents\GitHub\micros-\PROJECT1.X\TRY1.asm
                    SUMA2   0x000238    program     static C:\Users\julit\Documents\GitHub\micros-\PROJECT1.X\TRY1.asm
                   SUMA2_   0x000240    program     static C:\Users\julit\Documents\GitHub\micros-\PROJECT1.X\TRY1.asm
                    SUMAA   0x000257    program     static C:\Users\julit\Documents\GitHub\micros-\PROJECT1.X\TRY1.asm
                   SUMAA_   0x00025f    program     static C:\Users\julit\Documents\GitHub\micros-\PROJECT1.X\TRY1.asm
                    SUMA_   0x000220    program     static C:\Users\julit\Documents\GitHub\micros-\PROJECT1.X\TRY1.asm
              SUMA_ESTADO   0x000210    program     static C:\Users\julit\Documents\GitHub\micros-\PROJECT1.X\TRY1.asm
                  TIMER1S   0x000197    program     static C:\Users\julit\Documents\GitHub\micros-\PROJECT1.X\TRY1.asm
                TIMER1_2S   0x000482    program     static C:\Users\julit\Documents\GitHub\micros-\PROJECT1.X\TRY1.asm
               TIMERALRMA   0x0001ae    program     static C:\Users\julit\Documents\GitHub\micros-\PROJECT1.X\TRY1.asm
    TIMER_ALARMA_TILL_OFF   0x0001a6    program     static C:\Users\julit\Documents\GitHub\micros-\PROJECT1.X\TRY1.asm
                  TOGGLE2   0x00047c    program     static C:\Users\julit\Documents\GitHub\micros-\PROJECT1.X\TRY1.asm
                   TOG_00   0x000480    program     static C:\Users\julit\Documents\GitHub\micros-\PROJECT1.X\TRY1.asm
                   TOG_11   0x00047e    program     static C:\Users\julit\Documents\GitHub\micros-\PROJECT1.X\TRY1.asm
                UNDERZERO   0x00027d    program     static C:\Users\julit\Documents\GitHub\micros-\PROJECT1.X\TRY1.asm
               UNDERZERO2   0x000280    program     static C:\Users\julit\Documents\GitHub\micros-\PROJECT1.X\TRY1.asm
                     VAP2   0x000487    program     static C:\Users\julit\Documents\GitHub\micros-\PROJECT1.X\TRY1.asm
          _MAIN_PROG_019A   0x00019a    program     static C:\Users\julit\Documents\GitHub\micros-\PROJECT1.X\TRY1.asm
          _MAIN_PROG_01A1   0x0001a1    program     static C:\Users\julit\Documents\GitHub\micros-\PROJECT1.X\TRY1.asm
          _MAIN_PROG_01AA   0x0001aa    program     static C:\Users\julit\Documents\GitHub\micros-\PROJECT1.X\TRY1.asm
          _MAIN_PROG_01B2   0x0001b2    program     static C:\Users\julit\Documents\GitHub\micros-\PROJECT1.X\TRY1.asm
          _MAIN_PROG_01CE   0x0001ce    program     static C:\Users\julit\Documents\GitHub\micros-\PROJECT1.X\TRY1.asm
          _MAIN_PROG_01D3   0x0001d3    program     static C:\Users\julit\Documents\GitHub\micros-\PROJECT1.X\TRY1.asm
          _MAIN_PROG_01D8   0x0001d8    program     static C:\Users\julit\Documents\GitHub\micros-\PROJECT1.X\TRY1.asm
          _MAIN_PROG_01ED   0x0001ed    program     static C:\Users\julit\Documents\GitHub\micros-\PROJECT1.X\TRY1.asm
          _MAIN_PROG_01F6   0x0001f6    program     static C:\Users\julit\Documents\GitHub\micros-\PROJECT1.X\TRY1.asm
          _MAIN_PROG_0200   0x000200    program     static C:\Users\julit\Documents\GitHub\micros-\PROJECT1.X\TRY1.asm
          _MAIN_PROG_0209   0x000209    program     static C:\Users\julit\Documents\GitHub\micros-\PROJECT1.X\TRY1.asm
          _MAIN_PROG_0215   0x000215    program     static C:\Users\julit\Documents\GitHub\micros-\PROJECT1.X\TRY1.asm
          _MAIN_PROG_021D   0x00021d    program     static C:\Users\julit\Documents\GitHub\micros-\PROJECT1.X\TRY1.asm
          _MAIN_PROG_0225   0x000225    program     static C:\Users\julit\Documents\GitHub\micros-\PROJECT1.X\TRY1.asm
          _MAIN_PROG_022D   0x00022d    program     static C:\Users\julit\Documents\GitHub\micros-\PROJECT1.X\TRY1.asm
          _MAIN_PROG_0235   0x000235    program     static C:\Users\julit\Documents\GitHub\micros-\PROJECT1.X\TRY1.asm
          _MAIN_PROG_023D   0x00023d    program     static C:\Users\julit\Documents\GitHub\micros-\PROJECT1.X\TRY1.asm
          _MAIN_PROG_0245   0x000245    program     static C:\Users\julit\Documents\GitHub\micros-\PROJECT1.X\TRY1.asm
          _MAIN_PROG_024C   0x00024c    program     static C:\Users\julit\Documents\GitHub\micros-\PROJECT1.X\TRY1.asm
          _MAIN_PROG_0254   0x000254    program     static C:\Users\julit\Documents\GitHub\micros-\PROJECT1.X\TRY1.asm
          _MAIN_PROG_025C   0x00025c    program     static C:\Users\julit\Documents\GitHub\micros-\PROJECT1.X\TRY1.asm
          _MAIN_PROG_0264   0x000264    program     static C:\Users\julit\Documents\GitHub\micros-\PROJECT1.X\TRY1.asm
          _MAIN_PROG_026B   0x00026b    program     static C:\Users\julit\Documents\GitHub\micros-\PROJECT1.X\TRY1.asm
          _MAIN_PROG_0273   0x000273    program     static C:\Users\julit\Documents\GitHub\micros-\PROJECT1.X\TRY1.asm
          _MAIN_PROG_027B   0x00027b    program     static C:\Users\julit\Documents\GitHub\micros-\PROJECT1.X\TRY1.asm
          _MAIN_PROG_02BD   0x0002bd    program     static C:\Users\julit\Documents\GitHub\micros-\PROJECT1.X\TRY1.asm
          _MAIN_PROG_02E3   0x0002e3    program     static C:\Users\julit\Documents\GitHub\micros-\PROJECT1.X\TRY1.asm
          _MAIN_PROG_0309   0x000309    program     static C:\Users\julit\Documents\GitHub\micros-\PROJECT1.X\TRY1.asm
          _MAIN_PROG_032F   0x00032f    program     static C:\Users\julit\Documents\GitHub\micros-\PROJECT1.X\TRY1.asm
          _MAIN_PROG_0355   0x000355    program     static C:\Users\julit\Documents\GitHub\micros-\PROJECT1.X\TRY1.asm
          _MAIN_PROG_037B   0x00037b    program     static C:\Users\julit\Documents\GitHub\micros-\PROJECT1.X\TRY1.asm
          _MAIN_PROG_03A1   0x0003a1    program     static C:\Users\julit\Documents\GitHub\micros-\PROJECT1.X\TRY1.asm
          _MAIN_PROG_03C7   0x0003c7    program     static C:\Users\julit\Documents\GitHub\micros-\PROJECT1.X\TRY1.asm
          _MAIN_PROG_03ED   0x0003ed    program     static C:\Users\julit\Documents\GitHub\micros-\PROJECT1.X\TRY1.asm
          _MAIN_PROG_0413   0x000413    program     static C:\Users\julit\Documents\GitHub\micros-\PROJECT1.X\TRY1.asm
          _MAIN_PROG_0439   0x000439    program     static C:\Users\julit\Documents\GitHub\micros-\PROJECT1.X\TRY1.asm
          _MAIN_PROG_045F   0x00045f    program     static C:\Users\julit\Documents\GitHub\micros-\PROJECT1.X\TRY1.asm
          _MAIN_PROG_04C1   0x0004c1    program     static C:\Users\julit\Documents\GitHub\micros-\PROJECT1.X\TRY1.asm
          _MAIN_PROG_04C9   0x0004c9    program     static C:\Users\julit\Documents\GitHub\micros-\PROJECT1.X\TRY1.asm
          _MAIN_PROG_04D1   0x0004d1    program     static C:\Users\julit\Documents\GitHub\micros-\PROJECT1.X\TRY1.asm
          _MAIN_PROG_04DF   0x0004df    program     static C:\Users\julit\Documents\GitHub\micros-\PROJECT1.X\TRY1.asm
          _MAIN_PROG_04E7   0x0004e7    program     static C:\Users\julit\Documents\GitHub\micros-\PROJECT1.X\TRY1.asm
          _MAIN_PROG_04EF   0x0004ef    program     static C:\Users\julit\Documents\GitHub\micros-\PROJECT1.X\TRY1.asm
          _MAIN_PROG_04FD   0x0004fd    program     static C:\Users\julit\Documents\GitHub\micros-\PROJECT1.X\TRY1.asm
          _MAIN_PROG_0505   0x000505    program     static C:\Users\julit\Documents\GitHub\micros-\PROJECT1.X\TRY1.asm
          _MAIN_PROG_050D   0x00050d    program     static C:\Users\julit\Documents\GitHub\micros-\PROJECT1.X\TRY1.asm
                       lj   0x000030    program     static C:\Users\julit\Documents\GitHub\micros-\PROJECT1.X\TRY1.asm
                ALARMA_MD   0x000027       data     static C:\Users\julit\Documents\GitHub\micros-\PROJECT1.X\TRY1.asm
                ALARMA_MU   0x000026       data     static C:\Users\julit\Documents\GitHub\micros-\PROJECT1.X\TRY1.asm
                ALARMA_SD   0x000025       data     static C:\Users\julit\Documents\GitHub\micros-\PROJECT1.X\TRY1.asm
                ALARMA_SU   0x000024       data     static C:\Users\julit\Documents\GitHub\micros-\PROJECT1.X\TRY1.asm
                    CONT2   0x00002e       data     static C:\Users\julit\Documents\GitHub\micros-\PROJECT1.X\TRY1.asm
                CONTADOR1   0x00002f       data     static C:\Users\julit\Documents\GitHub\micros-\PROJECT1.X\TRY1.asm
                CONTADOR2   0x000030       data     static C:\Users\julit\Documents\GitHub\micros-\PROJECT1.X\TRY1.asm
               CONTALARMA   0x000023       data     static C:\Users\julit\Documents\GitHub\micros-\PROJECT1.X\TRY1.asm
                  CONTDIA   0x00002d       data     static C:\Users\julit\Documents\GitHub\micros-\PROJECT1.X\TRY1.asm
                    CONTF   0x000020       data     static C:\Users\julit\Documents\GitHub\micros-\PROJECT1.X\TRY1.asm
                CONTHORAS   0x000041       data     static C:\Users\julit\Documents\GitHub\micros-\PROJECT1.X\TRY1.asm
              CONTHORAS_H   0x000042       data     static C:\Users\julit\Documents\GitHub\micros-\PROJECT1.X\TRY1.asm
                CONTMES_H   0x000046       data     static C:\Users\julit\Documents\GitHub\micros-\PROJECT1.X\TRY1.asm
                CONTMES_L   0x000045       data     static C:\Users\julit\Documents\GitHub\micros-\PROJECT1.X\TRY1.asm
                  CONTSEG   0x000021       data     static C:\Users\julit\Documents\GitHub\micros-\PROJECT1.X\TRY1.asm
            CONTSEGALARMA   0x000022       data     static C:\Users\julit\Documents\GitHub\micros-\PROJECT1.X\TRY1.asm
                 CONT_NEW   0x000039       data     static C:\Users\julit\Documents\GitHub\micros-\PROJECT1.X\TRY1.asm
                 CONT_OLD   0x00003a       data     static C:\Users\julit\Documents\GitHub\micros-\PROJECT1.X\TRY1.asm
                     ESPE   0x000029       data     static C:\Users\julit\Documents\GitHub\micros-\PROJECT1.X\TRY1.asm
                    ESPE2   0x00002a       data     static C:\Users\julit\Documents\GitHub\micros-\PROJECT1.X\TRY1.asm
                    ESPE3   0x00002b       data     static C:\Users\julit\Documents\GitHub\micros-\PROJECT1.X\TRY1.asm
                    ESPE4   0x00002c       data     static C:\Users\julit\Documents\GitHub\micros-\PROJECT1.X\TRY1.asm
                   ESTADO   0x00003b       data     static C:\Users\julit\Documents\GitHub\micros-\PROJECT1.X\TRY1.asm
            FLAGCOUNTDOWN   0x000040       data     static C:\Users\julit\Documents\GitHub\micros-\PROJECT1.X\TRY1.asm
              FLAGSALARMA   0x00003f       data     static C:\Users\julit\Documents\GitHub\micros-\PROJECT1.X\TRY1.asm
               FLAGSHORAS   0x00003d       data     static C:\Users\julit\Documents\GitHub\micros-\PROJECT1.X\TRY1.asm
                 FLAGSMES   0x00003c       data     static C:\Users\julit\Documents\GitHub\micros-\PROJECT1.X\TRY1.asm
                FLAGSMODH   0x00003e       data     static C:\Users\julit\Documents\GitHub\micros-\PROJECT1.X\TRY1.asm
                  NIBBLEH   0x000031       data     static C:\Users\julit\Documents\GitHub\micros-\PROJECT1.X\TRY1.asm
                  NIBBLEL   0x000032       data     static C:\Users\julit\Documents\GitHub\micros-\PROJECT1.X\TRY1.asm
                NIBBLE_DH   0x000036       data     static C:\Users\julit\Documents\GitHub\micros-\PROJECT1.X\TRY1.asm
                NIBBLE_DL   0x000035       data     static C:\Users\julit\Documents\GitHub\micros-\PROJECT1.X\TRY1.asm
                NIBBLE_HH   0x000034       data     static C:\Users\julit\Documents\GitHub\micros-\PROJECT1.X\TRY1.asm
                NIBBLE_HL   0x000033       data     static C:\Users\julit\Documents\GitHub\micros-\PROJECT1.X\TRY1.asm
                NIBBLE_MH   0x000038       data     static C:\Users\julit\Documents\GitHub\micros-\PROJECT1.X\TRY1.asm
                NIBBLE_ML   0x000037       data     static C:\Users\julit\Documents\GitHub\micros-\PROJECT1.X\TRY1.asm
              STATUS_TEMP   0x00004c       data     static C:\Users\julit\Documents\GitHub\micros-\PROJECT1.X\TRY1.asm
                    TEMP1   0x000049       data     static C:\Users\julit\Documents\GitHub\micros-\PROJECT1.X\TRY1.asm
                    TEMP2   0x00004a       data     static C:\Users\julit\Documents\GitHub\micros-\PROJECT1.X\TRY1.asm
               TEMPALARMA   0x000028       data     static C:\Users\julit\Documents\GitHub\micros-\PROJECT1.X\TRY1.asm
                TEMPHORAS   0x000043       data     static C:\Users\julit\Documents\GitHub\micros-\PROJECT1.X\TRY1.asm
              TEMPHORAS_H   0x000044       data     static C:\Users\julit\Documents\GitHub\micros-\PROJECT1.X\TRY1.asm
                TEMPMES_H   0x000048       data     static C:\Users\julit\Documents\GitHub\micros-\PROJECT1.X\TRY1.asm
                TEMPMES_L   0x000047       data     static C:\Users\julit\Documents\GitHub\micros-\PROJECT1.X\TRY1.asm
                   W_TEMP   0x00004b       data     static C:\Users\julit\Documents\GitHub\micros-\PROJECT1.X\TRY1.asm



                              Symbols - Sorted by Address
                     Name    Address   Location    Storage File                     
                ---------  ---------  ---------  --------- ---------                
                     PUSH   0x000004    program     static C:\Users\julit\Documents\GitHub\micros-\PROJECT1.X\TRY1.asm
                      ISR   0x000008    program     static C:\Users\julit\Documents\GitHub\micros-\PROJECT1.X\TRY1.asm
                      POP   0x00000f    program     static C:\Users\julit\Documents\GitHub\micros-\PROJECT1.X\TRY1.asm
                FUE_TIMR0   0x000015    program     static C:\Users\julit\Documents\GitHub\micros-\PROJECT1.X\TRY1.asm
                FUE_TIMR1   0x000021    program     static C:\Users\julit\Documents\GitHub\micros-\PROJECT1.X\TRY1.asm
                FUE_TIMR2   0x000029    program     static C:\Users\julit\Documents\GitHub\micros-\PROJECT1.X\TRY1.asm
                       lj   0x000030    program     static C:\Users\julit\Documents\GitHub\micros-\PROJECT1.X\TRY1.asm
                  SEV_SEG   0x000035    program     static C:\Users\julit\Documents\GitHub\micros-\PROJECT1.X\TRY1.asm
                    HORAS   0x000046    program     static C:\Users\julit\Documents\GitHub\micros-\PROJECT1.X\TRY1.asm
                  HORAS_L   0x000061    program     static C:\Users\julit\Documents\GitHub\micros-\PROJECT1.X\TRY1.asm
                  ESTADOS   0x0000a0    program     static C:\Users\julit\Documents\GitHub\micros-\PROJECT1.X\TRY1.asm
                      MES   0x0000a9    program     static C:\Users\julit\Documents\GitHub\micros-\PROJECT1.X\TRY1.asm
                    MES_L   0x0000b7    program     static C:\Users\julit\Documents\GitHub\micros-\PROJECT1.X\TRY1.asm
                    MES_H   0x0000c4    program     static C:\Users\julit\Documents\GitHub\micros-\PROJECT1.X\TRY1.asm
                    START   0x000100    program     static C:\Users\julit\Documents\GitHub\micros-\PROJECT1.X\TRY1.asm
                 LOOPHORA   0x000135    program     static C:\Users\julit\Documents\GitHub\micros-\PROJECT1.X\TRY1.asm
                  LOOPMES   0x000141    program     static C:\Users\julit\Documents\GitHub\micros-\PROJECT1.X\TRY1.asm
            LOOP_MOD_HORA   0x00014c    program     static C:\Users\julit\Documents\GitHub\micros-\PROJECT1.X\TRY1.asm
             LOOP_MOD_MES   0x00015c    program     static C:\Users\julit\Documents\GitHub\micros-\PROJECT1.X\TRY1.asm
           LOOP_MODALARMA   0x00016b    program     static C:\Users\julit\Documents\GitHub\micros-\PROJECT1.X\TRY1.asm
              LOOP_ALARMA   0x00017b    program     static C:\Users\julit\Documents\GitHub\micros-\PROJECT1.X\TRY1.asm
                RESETLOOP   0x00018d    program     static C:\Users\julit\Documents\GitHub\micros-\PROJECT1.X\TRY1.asm
                  TIMER1S   0x000197    program     static C:\Users\julit\Documents\GitHub\micros-\PROJECT1.X\TRY1.asm
          _MAIN_PROG_019A   0x00019a    program     static C:\Users\julit\Documents\GitHub\micros-\PROJECT1.X\TRY1.asm
          _MAIN_PROG_01A1   0x0001a1    program     static C:\Users\julit\Documents\GitHub\micros-\PROJECT1.X\TRY1.asm
    TIMER_ALARMA_TILL_OFF   0x0001a6    program     static C:\Users\julit\Documents\GitHub\micros-\PROJECT1.X\TRY1.asm
          _MAIN_PROG_01AA   0x0001aa    program     static C:\Users\julit\Documents\GitHub\micros-\PROJECT1.X\TRY1.asm
               TIMERALRMA   0x0001ae    program     static C:\Users\julit\Documents\GitHub\micros-\PROJECT1.X\TRY1.asm
          _MAIN_PROG_01B2   0x0001b2    program     static C:\Users\julit\Documents\GitHub\micros-\PROJECT1.X\TRY1.asm
          PRE_CARGA_RESET   0x0001b7    program     static C:\Users\julit\Documents\GitHub\micros-\PROJECT1.X\TRY1.asm
               PRE_CARGA1   0x0001bc    program     static C:\Users\julit\Documents\GitHub\micros-\PROJECT1.X\TRY1.asm
               PRE_CARGA2   0x0001c0    program     static C:\Users\julit\Documents\GitHub\micros-\PROJECT1.X\TRY1.asm
               PRE_CARGA3   0x0001c4    program     static C:\Users\julit\Documents\GitHub\micros-\PROJECT1.X\TRY1.asm
               PRE_CARGA4   0x0001c8    program     static C:\Users\julit\Documents\GitHub\micros-\PROJECT1.X\TRY1.asm
               ALARMACERO   0x0001cb    program     static C:\Users\julit\Documents\GitHub\micros-\PROJECT1.X\TRY1.asm
          _MAIN_PROG_01CE   0x0001ce    program     static C:\Users\julit\Documents\GitHub\micros-\PROJECT1.X\TRY1.asm
          _MAIN_PROG_01D3   0x0001d3    program     static C:\Users\julit\Documents\GitHub\micros-\PROJECT1.X\TRY1.asm
          _MAIN_PROG_01D8   0x0001d8    program     static C:\Users\julit\Documents\GitHub\micros-\PROJECT1.X\TRY1.asm
               ALARMADUDU   0x0001df    program     static C:\Users\julit\Documents\GitHub\micros-\PROJECT1.X\TRY1.asm
               ALARMADADA   0x0001e8    program     static C:\Users\julit\Documents\GitHub\micros-\PROJECT1.X\TRY1.asm
          _MAIN_PROG_01ED   0x0001ed    program     static C:\Users\julit\Documents\GitHub\micros-\PROJECT1.X\TRY1.asm
          _MAIN_PROG_01F6   0x0001f6    program     static C:\Users\julit\Documents\GitHub\micros-\PROJECT1.X\TRY1.asm
          _MAIN_PROG_0200   0x000200    program     static C:\Users\julit\Documents\GitHub\micros-\PROJECT1.X\TRY1.asm
          _MAIN_PROG_0209   0x000209    program     static C:\Users\julit\Documents\GitHub\micros-\PROJECT1.X\TRY1.asm
              SUMA_ESTADO   0x000210    program     static C:\Users\julit\Documents\GitHub\micros-\PROJECT1.X\TRY1.asm
          _MAIN_PROG_0215   0x000215    program     static C:\Users\julit\Documents\GitHub\micros-\PROJECT1.X\TRY1.asm
                     SUMA   0x000218    program     static C:\Users\julit\Documents\GitHub\micros-\PROJECT1.X\TRY1.asm
          _MAIN_PROG_021D   0x00021d    program     static C:\Users\julit\Documents\GitHub\micros-\PROJECT1.X\TRY1.asm
                    SUMA_   0x000220    program     static C:\Users\julit\Documents\GitHub\micros-\PROJECT1.X\TRY1.asm
          _MAIN_PROG_0225   0x000225    program     static C:\Users\julit\Documents\GitHub\micros-\PROJECT1.X\TRY1.asm
                      MEN   0x000228    program     static C:\Users\julit\Documents\GitHub\micros-\PROJECT1.X\TRY1.asm
          _MAIN_PROG_022D   0x00022d    program     static C:\Users\julit\Documents\GitHub\micros-\PROJECT1.X\TRY1.asm
                     MEN_   0x000230    program     static C:\Users\julit\Documents\GitHub\micros-\PROJECT1.X\TRY1.asm
          _MAIN_PROG_0235   0x000235    program     static C:\Users\julit\Documents\GitHub\micros-\PROJECT1.X\TRY1.asm
                    SUMA2   0x000238    program     static C:\Users\julit\Documents\GitHub\micros-\PROJECT1.X\TRY1.asm
          _MAIN_PROG_023D   0x00023d    program     static C:\Users\julit\Documents\GitHub\micros-\PROJECT1.X\TRY1.asm
                   SUMA2_   0x000240    program     static C:\Users\julit\Documents\GitHub\micros-\PROJECT1.X\TRY1.asm
          _MAIN_PROG_0245   0x000245    program     static C:\Users\julit\Documents\GitHub\micros-\PROJECT1.X\TRY1.asm
                     MEN2   0x000247    program     static C:\Users\julit\Documents\GitHub\micros-\PROJECT1.X\TRY1.asm
          _MAIN_PROG_024C   0x00024c    program     static C:\Users\julit\Documents\GitHub\micros-\PROJECT1.X\TRY1.asm
                    MEN2_   0x00024f    program     static C:\Users\julit\Documents\GitHub\micros-\PROJECT1.X\TRY1.asm
          _MAIN_PROG_0254   0x000254    program     static C:\Users\julit\Documents\GitHub\micros-\PROJECT1.X\TRY1.asm
                    SUMAA   0x000257    program     static C:\Users\julit\Documents\GitHub\micros-\PROJECT1.X\TRY1.asm
          _MAIN_PROG_025C   0x00025c    program     static C:\Users\julit\Documents\GitHub\micros-\PROJECT1.X\TRY1.asm
                   SUMAA_   0x00025f    program     static C:\Users\julit\Documents\GitHub\micros-\PROJECT1.X\TRY1.asm
          _MAIN_PROG_0264   0x000264    program     static C:\Users\julit\Documents\GitHub\micros-\PROJECT1.X\TRY1.asm
                     MENA   0x000266    program     static C:\Users\julit\Documents\GitHub\micros-\PROJECT1.X\TRY1.asm
          _MAIN_PROG_026B   0x00026b    program     static C:\Users\julit\Documents\GitHub\micros-\PROJECT1.X\TRY1.asm
                    MENA_   0x00026e    program     static C:\Users\julit\Documents\GitHub\micros-\PROJECT1.X\TRY1.asm
          _MAIN_PROG_0273   0x000273    program     static C:\Users\julit\Documents\GitHub\micros-\PROJECT1.X\TRY1.asm
             CHANGEALARMA   0x000276    program     static C:\Users\julit\Documents\GitHub\micros-\PROJECT1.X\TRY1.asm
          _MAIN_PROG_027B   0x00027b    program     static C:\Users\julit\Documents\GitHub\micros-\PROJECT1.X\TRY1.asm
                UNDERZERO   0x00027d    program     static C:\Users\julit\Documents\GitHub\micros-\PROJECT1.X\TRY1.asm
               UNDERZERO2   0x000280    program     static C:\Users\julit\Documents\GitHub\micros-\PROJECT1.X\TRY1.asm
            INCREMENTUNOS   0x000283    program     static C:\Users\julit\Documents\GitHub\micros-\PROJECT1.X\TRY1.asm
               HORARESET2   0x000299    program     static C:\Users\julit\Documents\GitHub\micros-\PROJECT1.X\TRY1.asm
                HORARESET   0x00029d    program     static C:\Users\julit\Documents\GitHub\micros-\PROJECT1.X\TRY1.asm
                 MESRESET   0x0002a2    program     static C:\Users\julit\Documents\GitHub\micros-\PROJECT1.X\TRY1.asm
               MESRESET_H   0x0002a6    program     static C:\Users\julit\Documents\GitHub\micros-\PROJECT1.X\TRY1.asm
                      ENE   0x0002aa    program     static C:\Users\julit\Documents\GitHub\micros-\PROJECT1.X\TRY1.asm
        INCREMENTUNOS_MES   0x0002aa    program     static C:\Users\julit\Documents\GitHub\micros-\PROJECT1.X\TRY1.asm
                     HERE   0x0002b6    program     static C:\Users\julit\Documents\GitHub\micros-\PROJECT1.X\TRY1.asm
          _MAIN_PROG_02BD   0x0002bd    program     static C:\Users\julit\Documents\GitHub\micros-\PROJECT1.X\TRY1.asm
                DIASEXTRA   0x0002c6    program     static C:\Users\julit\Documents\GitHub\micros-\PROJECT1.X\TRY1.asm
                  MESCERO   0x0002cb    program     static C:\Users\julit\Documents\GitHub\micros-\PROJECT1.X\TRY1.asm
     INCREMENTUNOS_MESFEB   0x0002d0    program     static C:\Users\julit\Documents\GitHub\micros-\PROJECT1.X\TRY1.asm
                      FEB   0x0002d0    program     static C:\Users\julit\Documents\GitHub\micros-\PROJECT1.X\TRY1.asm
                  HEREFEB   0x0002dc    program     static C:\Users\julit\Documents\GitHub\micros-\PROJECT1.X\TRY1.asm
          _MAIN_PROG_02E3   0x0002e3    program     static C:\Users\julit\Documents\GitHub\micros-\PROJECT1.X\TRY1.asm
             DIASEXTRAFEB   0x0002ec    program     static C:\Users\julit\Documents\GitHub\micros-\PROJECT1.X\TRY1.asm
               MESCEROFEB   0x0002f1    program     static C:\Users\julit\Documents\GitHub\micros-\PROJECT1.X\TRY1.asm
     INCREMENTUNOS_MESMAR   0x0002f6    program     static C:\Users\julit\Documents\GitHub\micros-\PROJECT1.X\TRY1.asm
                      MAR   0x0002f6    program     static C:\Users\julit\Documents\GitHub\micros-\PROJECT1.X\TRY1.asm
                  HEREMAR   0x000302    program     static C:\Users\julit\Documents\GitHub\micros-\PROJECT1.X\TRY1.asm
          _MAIN_PROG_0309   0x000309    program     static C:\Users\julit\Documents\GitHub\micros-\PROJECT1.X\TRY1.asm
             DIASEXTRAMAR   0x000312    program     static C:\Users\julit\Documents\GitHub\micros-\PROJECT1.X\TRY1.asm
               MESCEROMAR   0x000317    program     static C:\Users\julit\Documents\GitHub\micros-\PROJECT1.X\TRY1.asm
                      ABR   0x00031c    program     static C:\Users\julit\Documents\GitHub\micros-\PROJECT1.X\TRY1.asm
    INCREMENTUNOS_MESABRI   0x00031c    program     static C:\Users\julit\Documents\GitHub\micros-\PROJECT1.X\TRY1.asm
                 HEREABRI   0x000328    program     static C:\Users\julit\Documents\GitHub\micros-\PROJECT1.X\TRY1.asm
          _MAIN_PROG_032F   0x00032f    program     static C:\Users\julit\Documents\GitHub\micros-\PROJECT1.X\TRY1.asm
            DIASEXTRAABRI   0x000338    program     static C:\Users\julit\Documents\GitHub\micros-\PROJECT1.X\TRY1.asm
              MESCEROABRI   0x00033d    program     static C:\Users\julit\Documents\GitHub\micros-\PROJECT1.X\TRY1.asm
     INCREMENTUNOS_MESMAY   0x000342    program     static C:\Users\julit\Documents\GitHub\micros-\PROJECT1.X\TRY1.asm
                      MAY   0x000342    program     static C:\Users\julit\Documents\GitHub\micros-\PROJECT1.X\TRY1.asm
                  HEREMAY   0x00034e    program     static C:\Users\julit\Documents\GitHub\micros-\PROJECT1.X\TRY1.asm
          _MAIN_PROG_0355   0x000355    program     static C:\Users\julit\Documents\GitHub\micros-\PROJECT1.X\TRY1.asm
             DIASEXTRAMAY   0x00035e    program     static C:\Users\julit\Documents\GitHub\micros-\PROJECT1.X\TRY1.asm
               MESCEROMAY   0x000363    program     static C:\Users\julit\Documents\GitHub\micros-\PROJECT1.X\TRY1.asm
                      JUN   0x000368    program     static C:\Users\julit\Documents\GitHub\micros-\PROJECT1.X\TRY1.asm
     INCREMENTUNOS_MESJUN   0x000368    program     static C:\Users\julit\Documents\GitHub\micros-\PROJECT1.X\TRY1.asm
                  HEREJUN   0x000374    program     static C:\Users\julit\Documents\GitHub\micros-\PROJECT1.X\TRY1.asm
          _MAIN_PROG_037B   0x00037b    program     static C:\Users\julit\Documents\GitHub\micros-\PROJECT1.X\TRY1.asm
             DIASEXTRAJUN   0x000384    program     static C:\Users\julit\Documents\GitHub\micros-\PROJECT1.X\TRY1.asm
               MESCEROJUN   0x000389    program     static C:\Users\julit\Documents\GitHub\micros-\PROJECT1.X\TRY1.asm
                      JUL   0x00038e    program     static C:\Users\julit\Documents\GitHub\micros-\PROJECT1.X\TRY1.asm
     INCREMENTUNOS_MESJUL   0x00038e    program     static C:\Users\julit\Documents\GitHub\micros-\PROJECT1.X\TRY1.asm
                  HEREJUL   0x00039a    program     static C:\Users\julit\Documents\GitHub\micros-\PROJECT1.X\TRY1.asm
          _MAIN_PROG_03A1   0x0003a1    program     static C:\Users\julit\Documents\GitHub\micros-\PROJECT1.X\TRY1.asm
             DIASEXTRAJUL   0x0003aa    program     static C:\Users\julit\Documents\GitHub\micros-\PROJECT1.X\TRY1.asm
               MESCEROJUL   0x0003af    program     static C:\Users\julit\Documents\GitHub\micros-\PROJECT1.X\TRY1.asm
     INCREMENTUNOS_MESAGO   0x0003b4    program     static C:\Users\julit\Documents\GitHub\micros-\PROJECT1.X\TRY1.asm
                      AGO   0x0003b4    program     static C:\Users\julit\Documents\GitHub\micros-\PROJECT1.X\TRY1.asm
                  HEREAGO   0x0003c0    program     static C:\Users\julit\Documents\GitHub\micros-\PROJECT1.X\TRY1.asm
          _MAIN_PROG_03C7   0x0003c7    program     static C:\Users\julit\Documents\GitHub\micros-\PROJECT1.X\TRY1.asm
             DIASEXTRAAGO   0x0003d0    program     static C:\Users\julit\Documents\GitHub\micros-\PROJECT1.X\TRY1.asm
               MESCEROAGO   0x0003d5    program     static C:\Users\julit\Documents\GitHub\micros-\PROJECT1.X\TRY1.asm
                      SEP   0x0003da    program     static C:\Users\julit\Documents\GitHub\micros-\PROJECT1.X\TRY1.asm
     INCREMENTUNOS_MESSEP   0x0003da    program     static C:\Users\julit\Documents\GitHub\micros-\PROJECT1.X\TRY1.asm
                  HERESEP   0x0003e6    program     static C:\Users\julit\Documents\GitHub\micros-\PROJECT1.X\TRY1.asm
          _MAIN_PROG_03ED   0x0003ed    program     static C:\Users\julit\Documents\GitHub\micros-\PROJECT1.X\TRY1.asm
             DIASEXTRASEP   0x0003f6    program     static C:\Users\julit\Documents\GitHub\micros-\PROJECT1.X\TRY1.asm
               MESCEROSEP   0x0003fb    program     static C:\Users\julit\Documents\GitHub\micros-\PROJECT1.X\TRY1.asm
                      OCT   0x000400    program     static C:\Users\julit\Documents\GitHub\micros-\PROJECT1.X\TRY1.asm
     INCREMENTUNOS_MESOCT   0x000400    program     static C:\Users\julit\Documents\GitHub\micros-\PROJECT1.X\TRY1.asm
                  HEREOCT   0x00040c    program     static C:\Users\julit\Documents\GitHub\micros-\PROJECT1.X\TRY1.asm
          _MAIN_PROG_0413   0x000413    program     static C:\Users\julit\Documents\GitHub\micros-\PROJECT1.X\TRY1.asm
             DIASEXTRAOCT   0x00041c    program     static C:\Users\julit\Documents\GitHub\micros-\PROJECT1.X\TRY1.asm
               MESCEROOCT   0x000421    program     static C:\Users\julit\Documents\GitHub\micros-\PROJECT1.X\TRY1.asm
                      NOV   0x000426    program     static C:\Users\julit\Documents\GitHub\micros-\PROJECT1.X\TRY1.asm
     INCREMENTUNOS_MESNOV   0x000426    program     static C:\Users\julit\Documents\GitHub\micros-\PROJECT1.X\TRY1.asm
                  HERENOV   0x000432    program     static C:\Users\julit\Documents\GitHub\micros-\PROJECT1.X\TRY1.asm
          _MAIN_PROG_0439   0x000439    program     static C:\Users\julit\Documents\GitHub\micros-\PROJECT1.X\TRY1.asm
             DIASEXTRANOV   0x000442    program     static C:\Users\julit\Documents\GitHub\micros-\PROJECT1.X\TRY1.asm
               MESCERONOV   0x000447    program     static C:\Users\julit\Documents\GitHub\micros-\PROJECT1.X\TRY1.asm
                      DIC   0x00044c    program     static C:\Users\julit\Documents\GitHub\micros-\PROJECT1.X\TRY1.asm
     INCREMENTUNOS_MESDIC   0x00044c    program     static C:\Users\julit\Documents\GitHub\micros-\PROJECT1.X\TRY1.asm
                  HEREDIC   0x000458    program     static C:\Users\julit\Documents\GitHub\micros-\PROJECT1.X\TRY1.asm
          _MAIN_PROG_045F   0x00045f    program     static C:\Users\julit\Documents\GitHub\micros-\PROJECT1.X\TRY1.asm
             DIASEXTRADIC   0x000468    program     static C:\Users\julit\Documents\GitHub\micros-\PROJECT1.X\TRY1.asm
               MESCERODIC   0x00046d    program     static C:\Users\julit\Documents\GitHub\micros-\PROJECT1.X\TRY1.asm
                 PISHLEDS   0x000472    program     static C:\Users\julit\Documents\GitHub\micros-\PROJECT1.X\TRY1.asm
                  SHOWOFF   0x000476    program     static C:\Users\julit\Documents\GitHub\micros-\PROJECT1.X\TRY1.asm
                   SHOWON   0x000479    program     static C:\Users\julit\Documents\GitHub\micros-\PROJECT1.X\TRY1.asm
                  TOGGLE2   0x00047c    program     static C:\Users\julit\Documents\GitHub\micros-\PROJECT1.X\TRY1.asm
                   TOG_11   0x00047e    program     static C:\Users\julit\Documents\GitHub\micros-\PROJECT1.X\TRY1.asm
                   TOG_00   0x000480    program     static C:\Users\julit\Documents\GitHub\micros-\PROJECT1.X\TRY1.asm
                TIMER1_2S   0x000482    program     static C:\Users\julit\Documents\GitHub\micros-\PROJECT1.X\TRY1.asm
                     VAP2   0x000487    program     static C:\Users\julit\Documents\GitHub\micros-\PROJECT1.X\TRY1.asm
              CONFIG_FLAG   0x00048a    program     static C:\Users\julit\Documents\GitHub\micros-\PROJECT1.X\TRY1.asm
            CONFIG_TIMER0   0x000498    program     static C:\Users\julit\Documents\GitHub\micros-\PROJECT1.X\TRY1.asm
            CONFIG_TIMER1   0x0004a5    program     static C:\Users\julit\Documents\GitHub\micros-\PROJECT1.X\TRY1.asm
            CONFIG_TIMER2   0x0004b3    program     static C:\Users\julit\Documents\GitHub\micros-\PROJECT1.X\TRY1.asm
               DISPLAY_GE   0x0004c0    program     static C:\Users\julit\Documents\GitHub\micros-\PROJECT1.X\TRY1.asm
          _MAIN_PROG_04C1   0x0004c1    program     static C:\Users\julit\Documents\GitHub\micros-\PROJECT1.X\TRY1.asm
          _MAIN_PROG_04C9   0x0004c9    program     static C:\Users\julit\Documents\GitHub\micros-\PROJECT1.X\TRY1.asm
          _MAIN_PROG_04D1   0x0004d1    program     static C:\Users\julit\Documents\GitHub\micros-\PROJECT1.X\TRY1.asm
            DISPLAY_GEMES   0x0004de    program     static C:\Users\julit\Documents\GitHub\micros-\PROJECT1.X\TRY1.asm
          _MAIN_PROG_04DF   0x0004df    program     static C:\Users\julit\Documents\GitHub\micros-\PROJECT1.X\TRY1.asm
          _MAIN_PROG_04E7   0x0004e7    program     static C:\Users\julit\Documents\GitHub\micros-\PROJECT1.X\TRY1.asm
          _MAIN_PROG_04EF   0x0004ef    program     static C:\Users\julit\Documents\GitHub\micros-\PROJECT1.X\TRY1.asm
          DISPLAY_GEALRMA   0x0004fc    program     static C:\Users\julit\Documents\GitHub\micros-\PROJECT1.X\TRY1.asm
          _MAIN_PROG_04FD   0x0004fd    program     static C:\Users\julit\Documents\GitHub\micros-\PROJECT1.X\TRY1.asm
          _MAIN_PROG_0505   0x000505    program     static C:\Users\julit\Documents\GitHub\micros-\PROJECT1.X\TRY1.asm
          _MAIN_PROG_050D   0x00050d    program     static C:\Users\julit\Documents\GitHub\micros-\PROJECT1.X\TRY1.asm
                CONFIG_IO   0x00051a    program     static C:\Users\julit\Documents\GitHub\micros-\PROJECT1.X\TRY1.asm
                    CONTF   0x000020       data     static C:\Users\julit\Documents\GitHub\micros-\PROJECT1.X\TRY1.asm
                  CONTSEG   0x000021       data     static C:\Users\julit\Documents\GitHub\micros-\PROJECT1.X\TRY1.asm
            CONTSEGALARMA   0x000022       data     static C:\Users\julit\Documents\GitHub\micros-\PROJECT1.X\TRY1.asm
               CONTALARMA   0x000023       data     static C:\Users\julit\Documents\GitHub\micros-\PROJECT1.X\TRY1.asm
                ALARMA_SU   0x000024       data     static C:\Users\julit\Documents\GitHub\micros-\PROJECT1.X\TRY1.asm
                ALARMA_SD   0x000025       data     static C:\Users\julit\Documents\GitHub\micros-\PROJECT1.X\TRY1.asm
                ALARMA_MU   0x000026       data     static C:\Users\julit\Documents\GitHub\micros-\PROJECT1.X\TRY1.asm
                ALARMA_MD   0x000027       data     static C:\Users\julit\Documents\GitHub\micros-\PROJECT1.X\TRY1.asm
               TEMPALARMA   0x000028       data     static C:\Users\julit\Documents\GitHub\micros-\PROJECT1.X\TRY1.asm
                     ESPE   0x000029       data     static C:\Users\julit\Documents\GitHub\micros-\PROJECT1.X\TRY1.asm
                    ESPE2   0x00002a       data     static C:\Users\julit\Documents\GitHub\micros-\PROJECT1.X\TRY1.asm
                    ESPE3   0x00002b       data     static C:\Users\julit\Documents\GitHub\micros-\PROJECT1.X\TRY1.asm
                    ESPE4   0x00002c       data     static C:\Users\julit\Documents\GitHub\micros-\PROJECT1.X\TRY1.asm
                  CONTDIA   0x00002d       data     static C:\Users\julit\Documents\GitHub\micros-\PROJECT1.X\TRY1.asm
                    CONT2   0x00002e       data     static C:\Users\julit\Documents\GitHub\micros-\PROJECT1.X\TRY1.asm
                CONTADOR1   0x00002f       data     static C:\Users\julit\Documents\GitHub\micros-\PROJECT1.X\TRY1.asm
                CONTADOR2   0x000030       data     static C:\Users\julit\Documents\GitHub\micros-\PROJECT1.X\TRY1.asm
                  NIBBLEH   0x000031       data     static C:\Users\julit\Documents\GitHub\micros-\PROJECT1.X\TRY1.asm
                  NIBBLEL   0x000032       data     static C:\Users\julit\Documents\GitHub\micros-\PROJECT1.X\TRY1.asm
                NIBBLE_HL   0x000033       data     static C:\Users\julit\Documents\GitHub\micros-\PROJECT1.X\TRY1.asm
                NIBBLE_HH   0x000034       data     static C:\Users\julit\Documents\GitHub\micros-\PROJECT1.X\TRY1.asm
                NIBBLE_DL   0x000035       data     static C:\Users\julit\Documents\GitHub\micros-\PROJECT1.X\TRY1.asm
                NIBBLE_DH   0x000036       data     static C:\Users\julit\Documents\GitHub\micros-\PROJECT1.X\TRY1.asm
                NIBBLE_ML   0x000037       data     static C:\Users\julit\Documents\GitHub\micros-\PROJECT1.X\TRY1.asm
                NIBBLE_MH   0x000038       data     static C:\Users\julit\Documents\GitHub\micros-\PROJECT1.X\TRY1.asm
                 CONT_NEW   0x000039       data     static C:\Users\julit\Documents\GitHub\micros-\PROJECT1.X\TRY1.asm
                 CONT_OLD   0x00003a       data     static C:\Users\julit\Documents\GitHub\micros-\PROJECT1.X\TRY1.asm
                   ESTADO   0x00003b       data     static C:\Users\julit\Documents\GitHub\micros-\PROJECT1.X\TRY1.asm
                 FLAGSMES   0x00003c       data     static C:\Users\julit\Documents\GitHub\micros-\PROJECT1.X\TRY1.asm
               FLAGSHORAS   0x00003d       data     static C:\Users\julit\Documents\GitHub\micros-\PROJECT1.X\TRY1.asm
                FLAGSMODH   0x00003e       data     static C:\Users\julit\Documents\GitHub\micros-\PROJECT1.X\TRY1.asm
              FLAGSALARMA   0x00003f       data     static C:\Users\julit\Documents\GitHub\micros-\PROJECT1.X\TRY1.asm
            FLAGCOUNTDOWN   0x000040       data     static C:\Users\julit\Documents\GitHub\micros-\PROJECT1.X\TRY1.asm
                CONTHORAS   0x000041       data     static C:\Users\julit\Documents\GitHub\micros-\PROJECT1.X\TRY1.asm
              CONTHORAS_H   0x000042       data     static C:\Users\julit\Documents\GitHub\micros-\PROJECT1.X\TRY1.asm
                TEMPHORAS   0x000043       data     static C:\Users\julit\Documents\GitHub\micros-\PROJECT1.X\TRY1.asm
              TEMPHORAS_H   0x000044       data     static C:\Users\julit\Documents\GitHub\micros-\PROJECT1.X\TRY1.asm
                CONTMES_L   0x000045       data     static C:\Users\julit\Documents\GitHub\micros-\PROJECT1.X\TRY1.asm
                CONTMES_H   0x000046       data     static C:\Users\julit\Documents\GitHub\micros-\PROJECT1.X\TRY1.asm
                TEMPMES_L   0x000047       data     static C:\Users\julit\Documents\GitHub\micros-\PROJECT1.X\TRY1.asm
                TEMPMES_H   0x000048       data     static C:\Users\julit\Documents\GitHub\micros-\PROJECT1.X\TRY1.asm
                    TEMP1   0x000049       data     static C:\Users\julit\Documents\GitHub\micros-\PROJECT1.X\TRY1.asm
                    TEMP2   0x00004a       data     static C:\Users\julit\Documents\GitHub\micros-\PROJECT1.X\TRY1.asm
                   W_TEMP   0x00004b       data     static C:\Users\julit\Documents\GitHub\micros-\PROJECT1.X\TRY1.asm
              STATUS_TEMP   0x00004c       data     static C:\Users\julit\Documents\GitHub\micros-\PROJECT1.X\TRY1.asm


