MPLINK 5.08, LINKER
Linker Map File - Created Sun Oct 25 16:27:03 2020

                                 Section Info
                  Section       Type    Address   Location Size(Bytes)
                ---------  ---------  ---------  ---------  ---------
                 RES_VECT       code   0x000000    program   0x000002
                   .cinit    romdata   0x000001    program   0x000004
                  ISR_VEC       code   0x000004    program   0x0000fe
                MAIN_PROG       code   0x000200    program   0x00023a
.config_2007_BUILD/DEFAULT/PRODUCTION/PIC_MAS       code   0x002007    program   0x000002
.config_2008_BUILD/DEFAULT/PRODUCTION/PIC_MAS       code   0x002008    program   0x000002
                  GPR_VAR      udata   0x000020       data   0x00001b



                              Program Memory Usage 
                               Start         End      
                           ---------   ---------      
                            0x000000    0x000002      
                            0x000004    0x000082      
                            0x000200    0x00031c      
                            0x002007    0x002008      
            417 out of 8455 program addresses used, program memory utilization is 4%



                              Symbols - Sorted by Name
                     Name    Address   Location    Storage File                     
                ---------  ---------  ---------  --------- ---------                
                 CHANGE_X   0x00023c    program     static C:\Users\julit\Documents\GitHub\micros-\PROYECTO_COM.X\PIC_MAST.asm
                 CHANGE_Y   0x000243    program     static C:\Users\julit\Documents\GitHub\micros-\PROYECTO_COM.X\PIC_MAST.asm
               CONFIG_ADC   0x00029d    program     static C:\Users\julit\Documents\GitHub\micros-\PROYECTO_COM.X\PIC_MAST.asm
              CONFIG_FLAG   0x0002ae    program     static C:\Users\julit\Documents\GitHub\micros-\PROYECTO_COM.X\PIC_MAST.asm
                CONFIG_IO   0x0002e4    program     static C:\Users\julit\Documents\GitHub\micros-\PROYECTO_COM.X\PIC_MAST.asm
            CONFIG_MASTER   0x000280    program     static C:\Users\julit\Documents\GitHub\micros-\PROYECTO_COM.X\PIC_MAST.asm
               CONFIG_OSC   0x000298    program     static C:\Users\julit\Documents\GitHub\micros-\PROYECTO_COM.X\PIC_MAST.asm
            CONFIG_TIMER0   0x0002bc    program     static C:\Users\julit\Documents\GitHub\micros-\PROYECTO_COM.X\PIC_MAST.asm
            CONFIG_TIMER1   0x0002c9    program     static C:\Users\julit\Documents\GitHub\micros-\PROYECTO_COM.X\PIC_MAST.asm
            CONFIG_TIMER2   0x0002d7    program     static C:\Users\julit\Documents\GitHub\micros-\PROYECTO_COM.X\PIC_MAST.asm
                 CONVERTX   0x00024a    program     static C:\Users\julit\Documents\GitHub\micros-\PROYECTO_COM.X\PIC_MAST.asm
                 CONVERTY   0x000252    program     static C:\Users\julit\Documents\GitHub\micros-\PROYECTO_COM.X\PIC_MAST.asm
                    DELAY   0x000307    program     static C:\Users\julit\Documents\GitHub\micros-\PROYECTO_COM.X\PIC_MAST.asm
               DELAY_10MS   0x000312    program     static C:\Users\julit\Documents\GitHub\micros-\PROYECTO_COM.X\PIC_MAST.asm
              DELAY_500US   0x000318    program     static C:\Users\julit\Documents\GitHub\micros-\PROYECTO_COM.X\PIC_MAST.asm
               DISPLAY_D1   0x000024    program     static C:\Users\julit\Documents\GitHub\micros-\PROYECTO_COM.X\PIC_MAST.asm
              DISPLAY_D12   0x000038    program     static C:\Users\julit\Documents\GitHub\micros-\PROYECTO_COM.X\PIC_MAST.asm
               DISPLAY_D2   0x00002e    program     static C:\Users\julit\Documents\GitHub\micros-\PROYECTO_COM.X\PIC_MAST.asm
              DISPLAY_D22   0x000042    program     static C:\Users\julit\Documents\GitHub\micros-\PROYECTO_COM.X\PIC_MAST.asm
                FUE_TIMR0   0x000017    program     static C:\Users\julit\Documents\GitHub\micros-\PROYECTO_COM.X\PIC_MAST.asm
                FUE_TIMR1   0x00004c    program     static C:\Users\julit\Documents\GitHub\micros-\PROYECTO_COM.X\PIC_MAST.asm
                FUE_TIMR2   0x000052    program     static C:\Users\julit\Documents\GitHub\micros-\PROYECTO_COM.X\PIC_MAST.asm
                      ISR   0x000008    program     static C:\Users\julit\Documents\GitHub\micros-\PROYECTO_COM.X\PIC_MAST.asm
                     LOOP   0x000223    program     static C:\Users\julit\Documents\GitHub\micros-\PROYECTO_COM.X\PIC_MAST.asm
             NUM_TO_VOLTS   0x00022a    program     static C:\Users\julit\Documents\GitHub\micros-\PROYECTO_COM.X\PIC_MAST.asm
                      POP   0x000011    program     static C:\Users\julit\Documents\GitHub\micros-\PROYECTO_COM.X\PIC_MAST.asm
                     PUSH   0x000004    program     static C:\Users\julit\Documents\GitHub\micros-\PROYECTO_COM.X\PIC_MAST.asm
                   SAVEGG   0x000055    program     static C:\Users\julit\Documents\GitHub\micros-\PROYECTO_COM.X\PIC_MAST.asm
                    SENDX   0x00025a    program     static C:\Users\julit\Documents\GitHub\micros-\PROYECTO_COM.X\PIC_MAST.asm
                    SENDY   0x00026c    program     static C:\Users\julit\Documents\GitHub\micros-\PROYECTO_COM.X\PIC_MAST.asm
                  SEV_SEG   0x000072    program     static C:\Users\julit\Documents\GitHub\micros-\PROYECTO_COM.X\PIC_MAST.asm
                    START   0x000200    program     static C:\Users\julit\Documents\GitHub\micros-\PROYECTO_COM.X\PIC_MAST.asm
                      X01   0x00005d    program     static C:\Users\julit\Documents\GitHub\micros-\PROYECTO_COM.X\PIC_MAST.asm
                      X10   0x000062    program     static C:\Users\julit\Documents\GitHub\micros-\PROYECTO_COM.X\PIC_MAST.asm
                      Y01   0x000067    program     static C:\Users\julit\Documents\GitHub\micros-\PROYECTO_COM.X\PIC_MAST.asm
                      Y10   0x00006c    program     static C:\Users\julit\Documents\GitHub\micros-\PROYECTO_COM.X\PIC_MAST.asm
          _MAIN_PROG_0231   0x000231    program     static C:\Users\julit\Documents\GitHub\micros-\PROYECTO_COM.X\PIC_MAST.asm
          _MAIN_PROG_0239   0x000239    program     static C:\Users\julit\Documents\GitHub\micros-\PROYECTO_COM.X\PIC_MAST.asm
          _MAIN_PROG_024C   0x00024c    program     static C:\Users\julit\Documents\GitHub\micros-\PROYECTO_COM.X\PIC_MAST.asm
          _MAIN_PROG_0254   0x000254    program     static C:\Users\julit\Documents\GitHub\micros-\PROYECTO_COM.X\PIC_MAST.asm
          _MAIN_PROG_025B   0x00025b    program     static C:\Users\julit\Documents\GitHub\micros-\PROYECTO_COM.X\PIC_MAST.asm
          _MAIN_PROG_0261   0x000261    program     static C:\Users\julit\Documents\GitHub\micros-\PROYECTO_COM.X\PIC_MAST.asm
          _MAIN_PROG_0267   0x000267    program     static C:\Users\julit\Documents\GitHub\micros-\PROYECTO_COM.X\PIC_MAST.asm
          _MAIN_PROG_026F   0x00026f    program     static C:\Users\julit\Documents\GitHub\micros-\PROYECTO_COM.X\PIC_MAST.asm
          _MAIN_PROG_0275   0x000275    program     static C:\Users\julit\Documents\GitHub\micros-\PROYECTO_COM.X\PIC_MAST.asm
          _MAIN_PROG_027B   0x00027b    program     static C:\Users\julit\Documents\GitHub\micros-\PROYECTO_COM.X\PIC_MAST.asm
          _MAIN_PROG_0316   0x000316    program     static C:\Users\julit\Documents\GitHub\micros-\PROYECTO_COM.X\PIC_MAST.asm
          _MAIN_PROG_031B   0x00031b    program     static C:\Users\julit\Documents\GitHub\micros-\PROYECTO_COM.X\PIC_MAST.asm
                     CLIF   0x000025       data     static C:\Users\julit\Documents\GitHub\micros-\PROYECTO_COM.X\PIC_MAST.asm
                     CONT   0x000020       data     static C:\Users\julit\Documents\GitHub\micros-\PROYECTO_COM.X\PIC_MAST.asm
                    CONT1   0x000021       data     static C:\Users\julit\Documents\GitHub\micros-\PROYECTO_COM.X\PIC_MAST.asm
                    CONT2   0x000022       data     static C:\Users\julit\Documents\GitHub\micros-\PROYECTO_COM.X\PIC_MAST.asm
              CONV_FLAGAS   0x000028       data     static C:\Users\julit\Documents\GitHub\micros-\PROYECTO_COM.X\PIC_MAST.asm
                      N1X   0x000029       data     static C:\Users\julit\Documents\GitHub\micros-\PROYECTO_COM.X\PIC_MAST.asm
                      N1Y   0x00002a       data     static C:\Users\julit\Documents\GitHub\micros-\PROYECTO_COM.X\PIC_MAST.asm
                      NUM   0x000038       data     static C:\Users\julit\Documents\GitHub\micros-\PROYECTO_COM.X\PIC_MAST.asm
                     NUM2   0x000039       data     static C:\Users\julit\Documents\GitHub\micros-\PROYECTO_COM.X\PIC_MAST.asm
                      QUO   0x000032       data     static C:\Users\julit\Documents\GitHub\micros-\PROYECTO_COM.X\PIC_MAST.asm
                     QUO1   0x000033       data     static C:\Users\julit\Documents\GitHub\micros-\PROYECTO_COM.X\PIC_MAST.asm
                    QUO1X   0x00002f       data     static C:\Users\julit\Documents\GitHub\micros-\PROYECTO_COM.X\PIC_MAST.asm
                    QUO1Y   0x000031       data     static C:\Users\julit\Documents\GitHub\micros-\PROYECTO_COM.X\PIC_MAST.asm
                     QUOS   0x000034       data     static C:\Users\julit\Documents\GitHub\micros-\PROYECTO_COM.X\PIC_MAST.asm
                    QUOS1   0x000035       data     static C:\Users\julit\Documents\GitHub\micros-\PROYECTO_COM.X\PIC_MAST.asm
                    QUOS2   0x000036       data     static C:\Users\julit\Documents\GitHub\micros-\PROYECTO_COM.X\PIC_MAST.asm
                    QUOS3   0x000037       data     static C:\Users\julit\Documents\GitHub\micros-\PROYECTO_COM.X\PIC_MAST.asm
                     QUOX   0x00002e       data     static C:\Users\julit\Documents\GitHub\micros-\PROYECTO_COM.X\PIC_MAST.asm
                     QUOY   0x000030       data     static C:\Users\julit\Documents\GitHub\micros-\PROYECTO_COM.X\PIC_MAST.asm
                      RAM   0x00002d       data     static C:\Users\julit\Documents\GitHub\micros-\PROYECTO_COM.X\PIC_MAST.asm
                      SEM   0x00003a       data     static C:\Users\julit\Documents\GitHub\micros-\PROYECTO_COM.X\PIC_MAST.asm
              STATUS_TEMP   0x000027       data     static C:\Users\julit\Documents\GitHub\micros-\PROYECTO_COM.X\PIC_MAST.asm
                     TEMP   0x000023       data     static C:\Users\julit\Documents\GitHub\micros-\PROYECTO_COM.X\PIC_MAST.asm
                    TEMP1   0x000024       data     static C:\Users\julit\Documents\GitHub\micros-\PROYECTO_COM.X\PIC_MAST.asm
                   W_TEMP   0x000026       data     static C:\Users\julit\Documents\GitHub\micros-\PROYECTO_COM.X\PIC_MAST.asm
                       XX   0x00002b       data     static C:\Users\julit\Documents\GitHub\micros-\PROYECTO_COM.X\PIC_MAST.asm
                       YY   0x00002c       data     static C:\Users\julit\Documents\GitHub\micros-\PROYECTO_COM.X\PIC_MAST.asm



                              Symbols - Sorted by Address
                     Name    Address   Location    Storage File                     
                ---------  ---------  ---------  --------- ---------                
                     PUSH   0x000004    program     static C:\Users\julit\Documents\GitHub\micros-\PROYECTO_COM.X\PIC_MAST.asm
                      ISR   0x000008    program     static C:\Users\julit\Documents\GitHub\micros-\PROYECTO_COM.X\PIC_MAST.asm
                      POP   0x000011    program     static C:\Users\julit\Documents\GitHub\micros-\PROYECTO_COM.X\PIC_MAST.asm
                FUE_TIMR0   0x000017    program     static C:\Users\julit\Documents\GitHub\micros-\PROYECTO_COM.X\PIC_MAST.asm
               DISPLAY_D1   0x000024    program     static C:\Users\julit\Documents\GitHub\micros-\PROYECTO_COM.X\PIC_MAST.asm
               DISPLAY_D2   0x00002e    program     static C:\Users\julit\Documents\GitHub\micros-\PROYECTO_COM.X\PIC_MAST.asm
              DISPLAY_D12   0x000038    program     static C:\Users\julit\Documents\GitHub\micros-\PROYECTO_COM.X\PIC_MAST.asm
              DISPLAY_D22   0x000042    program     static C:\Users\julit\Documents\GitHub\micros-\PROYECTO_COM.X\PIC_MAST.asm
                FUE_TIMR1   0x00004c    program     static C:\Users\julit\Documents\GitHub\micros-\PROYECTO_COM.X\PIC_MAST.asm
                FUE_TIMR2   0x000052    program     static C:\Users\julit\Documents\GitHub\micros-\PROYECTO_COM.X\PIC_MAST.asm
                   SAVEGG   0x000055    program     static C:\Users\julit\Documents\GitHub\micros-\PROYECTO_COM.X\PIC_MAST.asm
                      X01   0x00005d    program     static C:\Users\julit\Documents\GitHub\micros-\PROYECTO_COM.X\PIC_MAST.asm
                      X10   0x000062    program     static C:\Users\julit\Documents\GitHub\micros-\PROYECTO_COM.X\PIC_MAST.asm
                      Y01   0x000067    program     static C:\Users\julit\Documents\GitHub\micros-\PROYECTO_COM.X\PIC_MAST.asm
                      Y10   0x00006c    program     static C:\Users\julit\Documents\GitHub\micros-\PROYECTO_COM.X\PIC_MAST.asm
                  SEV_SEG   0x000072    program     static C:\Users\julit\Documents\GitHub\micros-\PROYECTO_COM.X\PIC_MAST.asm
                    START   0x000200    program     static C:\Users\julit\Documents\GitHub\micros-\PROYECTO_COM.X\PIC_MAST.asm
                     LOOP   0x000223    program     static C:\Users\julit\Documents\GitHub\micros-\PROYECTO_COM.X\PIC_MAST.asm
             NUM_TO_VOLTS   0x00022a    program     static C:\Users\julit\Documents\GitHub\micros-\PROYECTO_COM.X\PIC_MAST.asm
          _MAIN_PROG_0231   0x000231    program     static C:\Users\julit\Documents\GitHub\micros-\PROYECTO_COM.X\PIC_MAST.asm
          _MAIN_PROG_0239   0x000239    program     static C:\Users\julit\Documents\GitHub\micros-\PROYECTO_COM.X\PIC_MAST.asm
                 CHANGE_X   0x00023c    program     static C:\Users\julit\Documents\GitHub\micros-\PROYECTO_COM.X\PIC_MAST.asm
                 CHANGE_Y   0x000243    program     static C:\Users\julit\Documents\GitHub\micros-\PROYECTO_COM.X\PIC_MAST.asm
                 CONVERTX   0x00024a    program     static C:\Users\julit\Documents\GitHub\micros-\PROYECTO_COM.X\PIC_MAST.asm
          _MAIN_PROG_024C   0x00024c    program     static C:\Users\julit\Documents\GitHub\micros-\PROYECTO_COM.X\PIC_MAST.asm
                 CONVERTY   0x000252    program     static C:\Users\julit\Documents\GitHub\micros-\PROYECTO_COM.X\PIC_MAST.asm
          _MAIN_PROG_0254   0x000254    program     static C:\Users\julit\Documents\GitHub\micros-\PROYECTO_COM.X\PIC_MAST.asm
                    SENDX   0x00025a    program     static C:\Users\julit\Documents\GitHub\micros-\PROYECTO_COM.X\PIC_MAST.asm
          _MAIN_PROG_025B   0x00025b    program     static C:\Users\julit\Documents\GitHub\micros-\PROYECTO_COM.X\PIC_MAST.asm
          _MAIN_PROG_0261   0x000261    program     static C:\Users\julit\Documents\GitHub\micros-\PROYECTO_COM.X\PIC_MAST.asm
          _MAIN_PROG_0267   0x000267    program     static C:\Users\julit\Documents\GitHub\micros-\PROYECTO_COM.X\PIC_MAST.asm
                    SENDY   0x00026c    program     static C:\Users\julit\Documents\GitHub\micros-\PROYECTO_COM.X\PIC_MAST.asm
          _MAIN_PROG_026F   0x00026f    program     static C:\Users\julit\Documents\GitHub\micros-\PROYECTO_COM.X\PIC_MAST.asm
          _MAIN_PROG_0275   0x000275    program     static C:\Users\julit\Documents\GitHub\micros-\PROYECTO_COM.X\PIC_MAST.asm
          _MAIN_PROG_027B   0x00027b    program     static C:\Users\julit\Documents\GitHub\micros-\PROYECTO_COM.X\PIC_MAST.asm
            CONFIG_MASTER   0x000280    program     static C:\Users\julit\Documents\GitHub\micros-\PROYECTO_COM.X\PIC_MAST.asm
               CONFIG_OSC   0x000298    program     static C:\Users\julit\Documents\GitHub\micros-\PROYECTO_COM.X\PIC_MAST.asm
               CONFIG_ADC   0x00029d    program     static C:\Users\julit\Documents\GitHub\micros-\PROYECTO_COM.X\PIC_MAST.asm
              CONFIG_FLAG   0x0002ae    program     static C:\Users\julit\Documents\GitHub\micros-\PROYECTO_COM.X\PIC_MAST.asm
            CONFIG_TIMER0   0x0002bc    program     static C:\Users\julit\Documents\GitHub\micros-\PROYECTO_COM.X\PIC_MAST.asm
            CONFIG_TIMER1   0x0002c9    program     static C:\Users\julit\Documents\GitHub\micros-\PROYECTO_COM.X\PIC_MAST.asm
            CONFIG_TIMER2   0x0002d7    program     static C:\Users\julit\Documents\GitHub\micros-\PROYECTO_COM.X\PIC_MAST.asm
                CONFIG_IO   0x0002e4    program     static C:\Users\julit\Documents\GitHub\micros-\PROYECTO_COM.X\PIC_MAST.asm
                    DELAY   0x000307    program     static C:\Users\julit\Documents\GitHub\micros-\PROYECTO_COM.X\PIC_MAST.asm
               DELAY_10MS   0x000312    program     static C:\Users\julit\Documents\GitHub\micros-\PROYECTO_COM.X\PIC_MAST.asm
          _MAIN_PROG_0316   0x000316    program     static C:\Users\julit\Documents\GitHub\micros-\PROYECTO_COM.X\PIC_MAST.asm
              DELAY_500US   0x000318    program     static C:\Users\julit\Documents\GitHub\micros-\PROYECTO_COM.X\PIC_MAST.asm
          _MAIN_PROG_031B   0x00031b    program     static C:\Users\julit\Documents\GitHub\micros-\PROYECTO_COM.X\PIC_MAST.asm
                     CONT   0x000020       data     static C:\Users\julit\Documents\GitHub\micros-\PROYECTO_COM.X\PIC_MAST.asm
                    CONT1   0x000021       data     static C:\Users\julit\Documents\GitHub\micros-\PROYECTO_COM.X\PIC_MAST.asm
                    CONT2   0x000022       data     static C:\Users\julit\Documents\GitHub\micros-\PROYECTO_COM.X\PIC_MAST.asm
                     TEMP   0x000023       data     static C:\Users\julit\Documents\GitHub\micros-\PROYECTO_COM.X\PIC_MAST.asm
                    TEMP1   0x000024       data     static C:\Users\julit\Documents\GitHub\micros-\PROYECTO_COM.X\PIC_MAST.asm
                     CLIF   0x000025       data     static C:\Users\julit\Documents\GitHub\micros-\PROYECTO_COM.X\PIC_MAST.asm
                   W_TEMP   0x000026       data     static C:\Users\julit\Documents\GitHub\micros-\PROYECTO_COM.X\PIC_MAST.asm
              STATUS_TEMP   0x000027       data     static C:\Users\julit\Documents\GitHub\micros-\PROYECTO_COM.X\PIC_MAST.asm
              CONV_FLAGAS   0x000028       data     static C:\Users\julit\Documents\GitHub\micros-\PROYECTO_COM.X\PIC_MAST.asm
                      N1X   0x000029       data     static C:\Users\julit\Documents\GitHub\micros-\PROYECTO_COM.X\PIC_MAST.asm
                      N1Y   0x00002a       data     static C:\Users\julit\Documents\GitHub\micros-\PROYECTO_COM.X\PIC_MAST.asm
                       XX   0x00002b       data     static C:\Users\julit\Documents\GitHub\micros-\PROYECTO_COM.X\PIC_MAST.asm
                       YY   0x00002c       data     static C:\Users\julit\Documents\GitHub\micros-\PROYECTO_COM.X\PIC_MAST.asm
                      RAM   0x00002d       data     static C:\Users\julit\Documents\GitHub\micros-\PROYECTO_COM.X\PIC_MAST.asm
                     QUOX   0x00002e       data     static C:\Users\julit\Documents\GitHub\micros-\PROYECTO_COM.X\PIC_MAST.asm
                    QUO1X   0x00002f       data     static C:\Users\julit\Documents\GitHub\micros-\PROYECTO_COM.X\PIC_MAST.asm
                     QUOY   0x000030       data     static C:\Users\julit\Documents\GitHub\micros-\PROYECTO_COM.X\PIC_MAST.asm
                    QUO1Y   0x000031       data     static C:\Users\julit\Documents\GitHub\micros-\PROYECTO_COM.X\PIC_MAST.asm
                      QUO   0x000032       data     static C:\Users\julit\Documents\GitHub\micros-\PROYECTO_COM.X\PIC_MAST.asm
                     QUO1   0x000033       data     static C:\Users\julit\Documents\GitHub\micros-\PROYECTO_COM.X\PIC_MAST.asm
                     QUOS   0x000034       data     static C:\Users\julit\Documents\GitHub\micros-\PROYECTO_COM.X\PIC_MAST.asm
                    QUOS1   0x000035       data     static C:\Users\julit\Documents\GitHub\micros-\PROYECTO_COM.X\PIC_MAST.asm
                    QUOS2   0x000036       data     static C:\Users\julit\Documents\GitHub\micros-\PROYECTO_COM.X\PIC_MAST.asm
                    QUOS3   0x000037       data     static C:\Users\julit\Documents\GitHub\micros-\PROYECTO_COM.X\PIC_MAST.asm
                      NUM   0x000038       data     static C:\Users\julit\Documents\GitHub\micros-\PROYECTO_COM.X\PIC_MAST.asm
                     NUM2   0x000039       data     static C:\Users\julit\Documents\GitHub\micros-\PROYECTO_COM.X\PIC_MAST.asm
                      SEM   0x00003a       data     static C:\Users\julit\Documents\GitHub\micros-\PROYECTO_COM.X\PIC_MAST.asm


