MPLINK 5.08, LINKER
Linker Map File - Created Thu Oct 01 15:34:47 2020

                                 Section Info
                  Section       Type    Address   Location Size(Bytes)
                ---------  ---------  ---------  ---------  ---------
                 RES_VECT       code   0x000000    program   0x000002
                   .cinit    romdata   0x000001    program   0x000004
                  ISR_VEC       code   0x000004    program   0x000068
                MAIN_PROG       code   0x000100    program   0x000168
.config_2007_BUILD/DEFAULT/PRODUCTION/LAB_6.O       code   0x002007    program   0x000002
.config_2008_BUILD/DEFAULT/PRODUCTION/LAB_6.O       code   0x002008    program   0x000002
                  GPR_VAR      udata   0x000020       data   0x000007



                              Program Memory Usage 
                               Start         End      
                           ---------   ---------      
                            0x000000    0x000002      
                            0x000004    0x000037      
                            0x000100    0x0001b3      
                            0x002007    0x002008      
            237 out of 8455 program addresses used, program memory utilization is 2%



                              Symbols - Sorted by Name
                     Name    Address   Location    Storage File                     
                ---------  ---------  ---------  --------- ---------                
                  CONFIG1   0x0001ab    program     static C:\Users\julit\Documents\GitHub\micros-\lab6.X\lab_6.asm
               CONFIG_ADC   0x000120    program     static C:\Users\julit\Documents\GitHub\micros-\lab6.X\lab_6.asm
              CONFIG_FLAG   0x000141    program     static C:\Users\julit\Documents\GitHub\micros-\lab6.X\lab_6.asm
                CONFIG_IO   0x000177    program     static C:\Users\julit\Documents\GitHub\micros-\lab6.X\lab_6.asm
            CONFIG_TIMER0   0x00014f    program     static C:\Users\julit\Documents\GitHub\micros-\lab6.X\lab_6.asm
            CONFIG_TIMER1   0x00015c    program     static C:\Users\julit\Documents\GitHub\micros-\lab6.X\lab_6.asm
            CONFIG_TIMER2   0x00016a    program     static C:\Users\julit\Documents\GitHub\micros-\lab6.X\lab_6.asm
               CONFUG_ADC   0x000120    program     static C:\Users\julit\Documents\GitHub\micros-\lab6.X\lab_6.asm
               CONFUG_OSC   0x00011b    program     static C:\Users\julit\Documents\GitHub\micros-\lab6.X\lab_6.asm
                    DELAY   0x0001af    program     static C:\Users\julit\Documents\GitHub\micros-\lab6.X\lab_6.asm
                   DELAYM   0x0001a9    program     static C:\Users\julit\Documents\GitHub\micros-\lab6.X\lab_6.asm
              DELAY_SMALL   0x0001a4    program     static C:\Users\julit\Documents\GitHub\micros-\lab6.X\lab_6.asm
               DISPLAY_D1   0x000131    program     static C:\Users\julit\Documents\GitHub\micros-\lab6.X\lab_6.asm
               DISPLAY_D2   0x00013a    program     static C:\Users\julit\Documents\GitHub\micros-\lab6.X\lab_6.asm
                FUE_TIMR0   0x000015    program     static C:\Users\julit\Documents\GitHub\micros-\lab6.X\lab_6.asm
                FUE_TIMR1   0x00001d    program     static C:\Users\julit\Documents\GitHub\micros-\lab6.X\lab_6.asm
                FUE_TIMR2   0x000023    program     static C:\Users\julit\Documents\GitHub\micros-\lab6.X\lab_6.asm
                      ISR   0x000008    program     static C:\Users\julit\Documents\GitHub\micros-\lab6.X\lab_6.asm
                     LOOP   0x000112    program     static C:\Users\julit\Documents\GitHub\micros-\lab6.X\lab_6.asm
                      POP   0x00000f    program     static C:\Users\julit\Documents\GitHub\micros-\lab6.X\lab_6.asm
                     PUSH   0x000004    program     static C:\Users\julit\Documents\GitHub\micros-\lab6.X\lab_6.asm
                  SEV_SEG   0x000027    program     static C:\Users\julit\Documents\GitHub\micros-\lab6.X\lab_6.asm
                    START   0x000100    program     static C:\Users\julit\Documents\GitHub\micros-\lab6.X\lab_6.asm
          _MAIN_PROG_0115   0x000115    program     static C:\Users\julit\Documents\GitHub\micros-\lab6.X\lab_6.asm
          _MAIN_PROG_01A7   0x0001a7    program     static C:\Users\julit\Documents\GitHub\micros-\lab6.X\lab_6.asm
          _MAIN_PROG_01B3   0x0001b3    program     static C:\Users\julit\Documents\GitHub\micros-\lab6.X\lab_6.asm
                     CONT   0x000020       data     static C:\Users\julit\Documents\GitHub\micros-\lab6.X\lab_6.asm
                    CONT1   0x000021       data     static C:\Users\julit\Documents\GitHub\micros-\lab6.X\lab_6.asm
                    CONT2   0x000022       data     static C:\Users\julit\Documents\GitHub\micros-\lab6.X\lab_6.asm
              STATUS_TEMP   0x000026       data     static C:\Users\julit\Documents\GitHub\micros-\lab6.X\lab_6.asm
                     TEMP   0x000023       data     static C:\Users\julit\Documents\GitHub\micros-\lab6.X\lab_6.asm
                    TEMP1   0x000024       data     static C:\Users\julit\Documents\GitHub\micros-\lab6.X\lab_6.asm
                   W_TEMP   0x000025       data     static C:\Users\julit\Documents\GitHub\micros-\lab6.X\lab_6.asm



                              Symbols - Sorted by Address
                     Name    Address   Location    Storage File                     
                ---------  ---------  ---------  --------- ---------                
                     PUSH   0x000004    program     static C:\Users\julit\Documents\GitHub\micros-\lab6.X\lab_6.asm
                      ISR   0x000008    program     static C:\Users\julit\Documents\GitHub\micros-\lab6.X\lab_6.asm
                      POP   0x00000f    program     static C:\Users\julit\Documents\GitHub\micros-\lab6.X\lab_6.asm
                FUE_TIMR0   0x000015    program     static C:\Users\julit\Documents\GitHub\micros-\lab6.X\lab_6.asm
                FUE_TIMR1   0x00001d    program     static C:\Users\julit\Documents\GitHub\micros-\lab6.X\lab_6.asm
                FUE_TIMR2   0x000023    program     static C:\Users\julit\Documents\GitHub\micros-\lab6.X\lab_6.asm
                  SEV_SEG   0x000027    program     static C:\Users\julit\Documents\GitHub\micros-\lab6.X\lab_6.asm
                    START   0x000100    program     static C:\Users\julit\Documents\GitHub\micros-\lab6.X\lab_6.asm
                     LOOP   0x000112    program     static C:\Users\julit\Documents\GitHub\micros-\lab6.X\lab_6.asm
          _MAIN_PROG_0115   0x000115    program     static C:\Users\julit\Documents\GitHub\micros-\lab6.X\lab_6.asm
               CONFUG_OSC   0x00011b    program     static C:\Users\julit\Documents\GitHub\micros-\lab6.X\lab_6.asm
               CONFUG_ADC   0x000120    program     static C:\Users\julit\Documents\GitHub\micros-\lab6.X\lab_6.asm
               CONFIG_ADC   0x000120    program     static C:\Users\julit\Documents\GitHub\micros-\lab6.X\lab_6.asm
               DISPLAY_D1   0x000131    program     static C:\Users\julit\Documents\GitHub\micros-\lab6.X\lab_6.asm
               DISPLAY_D2   0x00013a    program     static C:\Users\julit\Documents\GitHub\micros-\lab6.X\lab_6.asm
              CONFIG_FLAG   0x000141    program     static C:\Users\julit\Documents\GitHub\micros-\lab6.X\lab_6.asm
            CONFIG_TIMER0   0x00014f    program     static C:\Users\julit\Documents\GitHub\micros-\lab6.X\lab_6.asm
            CONFIG_TIMER1   0x00015c    program     static C:\Users\julit\Documents\GitHub\micros-\lab6.X\lab_6.asm
            CONFIG_TIMER2   0x00016a    program     static C:\Users\julit\Documents\GitHub\micros-\lab6.X\lab_6.asm
                CONFIG_IO   0x000177    program     static C:\Users\julit\Documents\GitHub\micros-\lab6.X\lab_6.asm
              DELAY_SMALL   0x0001a4    program     static C:\Users\julit\Documents\GitHub\micros-\lab6.X\lab_6.asm
          _MAIN_PROG_01A7   0x0001a7    program     static C:\Users\julit\Documents\GitHub\micros-\lab6.X\lab_6.asm
                   DELAYM   0x0001a9    program     static C:\Users\julit\Documents\GitHub\micros-\lab6.X\lab_6.asm
                  CONFIG1   0x0001ab    program     static C:\Users\julit\Documents\GitHub\micros-\lab6.X\lab_6.asm
                    DELAY   0x0001af    program     static C:\Users\julit\Documents\GitHub\micros-\lab6.X\lab_6.asm
          _MAIN_PROG_01B3   0x0001b3    program     static C:\Users\julit\Documents\GitHub\micros-\lab6.X\lab_6.asm
                     CONT   0x000020       data     static C:\Users\julit\Documents\GitHub\micros-\lab6.X\lab_6.asm
                    CONT1   0x000021       data     static C:\Users\julit\Documents\GitHub\micros-\lab6.X\lab_6.asm
                    CONT2   0x000022       data     static C:\Users\julit\Documents\GitHub\micros-\lab6.X\lab_6.asm
                     TEMP   0x000023       data     static C:\Users\julit\Documents\GitHub\micros-\lab6.X\lab_6.asm
                    TEMP1   0x000024       data     static C:\Users\julit\Documents\GitHub\micros-\lab6.X\lab_6.asm
                   W_TEMP   0x000025       data     static C:\Users\julit\Documents\GitHub\micros-\lab6.X\lab_6.asm
              STATUS_TEMP   0x000026       data     static C:\Users\julit\Documents\GitHub\micros-\lab6.X\lab_6.asm


