MPLINK 5.08, LINKER
Linker Map File - Created Tue Sep 01 20:41:17 2020

                                 Section Info
                  Section       Type    Address   Location Size(Bytes)
                ---------  ---------  ---------  ---------  ---------
                 RES_VECT       code   0x000000    program   0x000002
                   .cinit    romdata   0x000001    program   0x000004
                  ISR_VEC       code   0x000004    program   0x000068
                MAIN_PROG       code   0x000100    program   0x00015c
.config_2007_BUILD/DEFAULT/PRODUCTION/NEWPIC_       code   0x002007    program   0x000002
.config_2008_BUILD/DEFAULT/PRODUCTION/NEWPIC_       code   0x002008    program   0x000002
                  GPR_VAR      udata   0x000020       data   0x00000b



                              Program Memory Usage 
                               Start         End      
                           ---------   ---------      
                            0x000000    0x000002      
                            0x000004    0x000037      
                            0x000100    0x0001ad      
                            0x002007    0x002008      
            231 out of 8455 program addresses used, program memory utilization is 2%



                              Symbols - Sorted by Name
                     Name    Address   Location    Storage File                     
                ---------  ---------  ---------  --------- ---------                
                    CEROS   0x00012c    program     static C:\Users\julit\Documents\GitHub\micros-\davidesgay.X\newpic_8b_simple.asm
              CONFIG_FLAG   0x000137    program     static C:\Users\julit\Documents\GitHub\micros-\davidesgay.X\newpic_8b_simple.asm
                CONFIG_IO   0x00017c    program     static C:\Users\julit\Documents\GitHub\micros-\davidesgay.X\newpic_8b_simple.asm
            CONFIG_TIMER0   0x000145    program     static C:\Users\julit\Documents\GitHub\micros-\davidesgay.X\newpic_8b_simple.asm
            CONFIG_TIMER1   0x000152    program     static C:\Users\julit\Documents\GitHub\micros-\davidesgay.X\newpic_8b_simple.asm
            CONFIG_TIMER2   0x000160    program     static C:\Users\julit\Documents\GitHub\micros-\davidesgay.X\newpic_8b_simple.asm
                    DELAY   0x00019d    program     static C:\Users\julit\Documents\GitHub\micros-\davidesgay.X\newpic_8b_simple.asm
               DISPLAY_D1   0x000170    program     static C:\Users\julit\Documents\GitHub\micros-\davidesgay.X\newpic_8b_simple.asm
               DISPLAY_D2   0x000176    program     static C:\Users\julit\Documents\GitHub\micros-\davidesgay.X\newpic_8b_simple.asm
               DISPLAY_GE   0x00016d    program     static C:\Users\julit\Documents\GitHub\micros-\davidesgay.X\newpic_8b_simple.asm
                FUE_TIMR0   0x000015    program     static C:\Users\julit\Documents\GitHub\micros-\davidesgay.X\newpic_8b_simple.asm
                FUE_TIMR1   0x00001c    program     static C:\Users\julit\Documents\GitHub\micros-\davidesgay.X\newpic_8b_simple.asm
                FUE_TIMR2   0x000023    program     static C:\Users\julit\Documents\GitHub\micros-\davidesgay.X\newpic_8b_simple.asm
             INCREMENT10S   0x000125    program     static C:\Users\julit\Documents\GitHub\micros-\davidesgay.X\newpic_8b_simple.asm
            INCREMENTUNOS   0x000120    program     static C:\Users\julit\Documents\GitHub\micros-\davidesgay.X\newpic_8b_simple.asm
                      ISR   0x000008    program     static C:\Users\julit\Documents\GitHub\micros-\davidesgay.X\newpic_8b_simple.asm
                     LOOP   0x00010d    program     static C:\Users\julit\Documents\GitHub\micros-\davidesgay.X\newpic_8b_simple.asm
                 PISHLEDS   0x000112    program     static C:\Users\julit\Documents\GitHub\micros-\davidesgay.X\newpic_8b_simple.asm
                      POP   0x00000f    program     static C:\Users\julit\Documents\GitHub\micros-\davidesgay.X\newpic_8b_simple.asm
                     PUSH   0x000004    program     static C:\Users\julit\Documents\GitHub\micros-\davidesgay.X\newpic_8b_simple.asm
                  SEV_SEG   0x000027    program     static C:\Users\julit\Documents\GitHub\micros-\davidesgay.X\newpic_8b_simple.asm
                    START   0x000100    program     static C:\Users\julit\Documents\GitHub\micros-\davidesgay.X\newpic_8b_simple.asm
                  TIMER1S   0x00012f    program     static C:\Users\julit\Documents\GitHub\micros-\davidesgay.X\newpic_8b_simple.asm
                TIMER1_2S   0x000118    program     static C:\Users\julit\Documents\GitHub\micros-\davidesgay.X\newpic_8b_simple.asm
                     VAP1   0x000134    program     static C:\Users\julit\Documents\GitHub\micros-\davidesgay.X\newpic_8b_simple.asm
                     VAP2   0x00011d    program     static C:\Users\julit\Documents\GitHub\micros-\davidesgay.X\newpic_8b_simple.asm
                    CONT1   0x000021       data     static C:\Users\julit\Documents\GitHub\micros-\davidesgay.X\newpic_8b_simple.asm
                CONTADOR1   0x000022       data     static C:\Users\julit\Documents\GitHub\micros-\davidesgay.X\newpic_8b_simple.asm
                CONTADOR2   0x000023       data     static C:\Users\julit\Documents\GitHub\micros-\davidesgay.X\newpic_8b_simple.asm
                 CONTDE_4   0x000026       data     static C:\Users\julit\Documents\GitHub\micros-\davidesgay.X\newpic_8b_simple.asm
                   CONT_A   0x000020       data     static C:\Users\julit\Documents\GitHub\micros-\davidesgay.X\newpic_8b_simple.asm
                  NIBBLEH   0x000027       data     static C:\Users\julit\Documents\GitHub\micros-\davidesgay.X\newpic_8b_simple.asm
                  NIBBLEL   0x000028       data     static C:\Users\julit\Documents\GitHub\micros-\davidesgay.X\newpic_8b_simple.asm
              STATUS_TEMP   0x00002a       data     static C:\Users\julit\Documents\GitHub\micros-\davidesgay.X\newpic_8b_simple.asm
                    TEMP1   0x000024       data     static C:\Users\julit\Documents\GitHub\micros-\davidesgay.X\newpic_8b_simple.asm
                    TEMP2   0x000025       data     static C:\Users\julit\Documents\GitHub\micros-\davidesgay.X\newpic_8b_simple.asm
                   W_TEMP   0x000029       data     static C:\Users\julit\Documents\GitHub\micros-\davidesgay.X\newpic_8b_simple.asm



                              Symbols - Sorted by Address
                     Name    Address   Location    Storage File                     
                ---------  ---------  ---------  --------- ---------                
                     PUSH   0x000004    program     static C:\Users\julit\Documents\GitHub\micros-\davidesgay.X\newpic_8b_simple.asm
                      ISR   0x000008    program     static C:\Users\julit\Documents\GitHub\micros-\davidesgay.X\newpic_8b_simple.asm
                      POP   0x00000f    program     static C:\Users\julit\Documents\GitHub\micros-\davidesgay.X\newpic_8b_simple.asm
                FUE_TIMR0   0x000015    program     static C:\Users\julit\Documents\GitHub\micros-\davidesgay.X\newpic_8b_simple.asm
                FUE_TIMR1   0x00001c    program     static C:\Users\julit\Documents\GitHub\micros-\davidesgay.X\newpic_8b_simple.asm
                FUE_TIMR2   0x000023    program     static C:\Users\julit\Documents\GitHub\micros-\davidesgay.X\newpic_8b_simple.asm
                  SEV_SEG   0x000027    program     static C:\Users\julit\Documents\GitHub\micros-\davidesgay.X\newpic_8b_simple.asm
                    START   0x000100    program     static C:\Users\julit\Documents\GitHub\micros-\davidesgay.X\newpic_8b_simple.asm
                     LOOP   0x00010d    program     static C:\Users\julit\Documents\GitHub\micros-\davidesgay.X\newpic_8b_simple.asm
                 PISHLEDS   0x000112    program     static C:\Users\julit\Documents\GitHub\micros-\davidesgay.X\newpic_8b_simple.asm
                TIMER1_2S   0x000118    program     static C:\Users\julit\Documents\GitHub\micros-\davidesgay.X\newpic_8b_simple.asm
                     VAP2   0x00011d    program     static C:\Users\julit\Documents\GitHub\micros-\davidesgay.X\newpic_8b_simple.asm
            INCREMENTUNOS   0x000120    program     static C:\Users\julit\Documents\GitHub\micros-\davidesgay.X\newpic_8b_simple.asm
             INCREMENT10S   0x000125    program     static C:\Users\julit\Documents\GitHub\micros-\davidesgay.X\newpic_8b_simple.asm
                    CEROS   0x00012c    program     static C:\Users\julit\Documents\GitHub\micros-\davidesgay.X\newpic_8b_simple.asm
                  TIMER1S   0x00012f    program     static C:\Users\julit\Documents\GitHub\micros-\davidesgay.X\newpic_8b_simple.asm
                     VAP1   0x000134    program     static C:\Users\julit\Documents\GitHub\micros-\davidesgay.X\newpic_8b_simple.asm
              CONFIG_FLAG   0x000137    program     static C:\Users\julit\Documents\GitHub\micros-\davidesgay.X\newpic_8b_simple.asm
            CONFIG_TIMER0   0x000145    program     static C:\Users\julit\Documents\GitHub\micros-\davidesgay.X\newpic_8b_simple.asm
            CONFIG_TIMER1   0x000152    program     static C:\Users\julit\Documents\GitHub\micros-\davidesgay.X\newpic_8b_simple.asm
            CONFIG_TIMER2   0x000160    program     static C:\Users\julit\Documents\GitHub\micros-\davidesgay.X\newpic_8b_simple.asm
               DISPLAY_GE   0x00016d    program     static C:\Users\julit\Documents\GitHub\micros-\davidesgay.X\newpic_8b_simple.asm
               DISPLAY_D1   0x000170    program     static C:\Users\julit\Documents\GitHub\micros-\davidesgay.X\newpic_8b_simple.asm
               DISPLAY_D2   0x000176    program     static C:\Users\julit\Documents\GitHub\micros-\davidesgay.X\newpic_8b_simple.asm
                CONFIG_IO   0x00017c    program     static C:\Users\julit\Documents\GitHub\micros-\davidesgay.X\newpic_8b_simple.asm
                    DELAY   0x00019d    program     static C:\Users\julit\Documents\GitHub\micros-\davidesgay.X\newpic_8b_simple.asm
                   CONT_A   0x000020       data     static C:\Users\julit\Documents\GitHub\micros-\davidesgay.X\newpic_8b_simple.asm
                    CONT1   0x000021       data     static C:\Users\julit\Documents\GitHub\micros-\davidesgay.X\newpic_8b_simple.asm
                CONTADOR1   0x000022       data     static C:\Users\julit\Documents\GitHub\micros-\davidesgay.X\newpic_8b_simple.asm
                CONTADOR2   0x000023       data     static C:\Users\julit\Documents\GitHub\micros-\davidesgay.X\newpic_8b_simple.asm
                    TEMP1   0x000024       data     static C:\Users\julit\Documents\GitHub\micros-\davidesgay.X\newpic_8b_simple.asm
                    TEMP2   0x000025       data     static C:\Users\julit\Documents\GitHub\micros-\davidesgay.X\newpic_8b_simple.asm
                 CONTDE_4   0x000026       data     static C:\Users\julit\Documents\GitHub\micros-\davidesgay.X\newpic_8b_simple.asm
                  NIBBLEH   0x000027       data     static C:\Users\julit\Documents\GitHub\micros-\davidesgay.X\newpic_8b_simple.asm
                  NIBBLEL   0x000028       data     static C:\Users\julit\Documents\GitHub\micros-\davidesgay.X\newpic_8b_simple.asm
                   W_TEMP   0x000029       data     static C:\Users\julit\Documents\GitHub\micros-\davidesgay.X\newpic_8b_simple.asm
              STATUS_TEMP   0x00002a       data     static C:\Users\julit\Documents\GitHub\micros-\davidesgay.X\newpic_8b_simple.asm


