MPLINK 5.08, LINKER
Linker Map File - Created Thu Nov 26 01:58:11 2020

                                 Section Info
                  Section       Type    Address   Location Size(Bytes)
                ---------  ---------  ---------  ---------  ---------
                 RES_VECT       code   0x000000    program   0x000002
                   .cinit    romdata   0x000001    program   0x000004
                MAIN_PROG       code   0x000003    program   0x0000cc
.config_2007_BUILD/DEFAULT/PRODUCTION/MAIN_PR       code   0x002007    program   0x000002
.config_2008_BUILD/DEFAULT/PRODUCTION/MAIN_PR       code   0x002008    program   0x000002
                      GPR      udata   0x000020       data   0x000004



                              Program Memory Usage 
                               Start         End      
                           ---------   ---------      
                            0x000000    0x000068      
                            0x002007    0x002008      
            107 out of 8455 program addresses used, program memory utilization is 1%



                              Symbols - Sorted by Name
                     Name    Address   Location    Storage File                     
                ---------  ---------  ---------  --------- ---------                
               CONFIG_ADC   0x000020    program     static C:\Users\julit\Documents\GitHub\micros-\project_final.X\main_proyect.asm
                CONFIG_IO   0x00000d    program     static C:\Users\julit\Documents\GitHub\micros-\project_final.X\main_proyect.asm
               CONFIG_PWM   0x000052    program     static C:\Users\julit\Documents\GitHub\micros-\project_final.X\main_proyect.asm
                DELAY10US   0x00004d    program     static C:\Users\julit\Documents\GitHub\micros-\project_final.X\main_proyect.asm
                     LOOP   0x000009    program     static C:\Users\julit\Documents\GitHub\micros-\project_final.X\main_proyect.asm
                    MAPEO   0x000048    program     static C:\Users\julit\Documents\GitHub\micros-\project_final.X\main_proyect.asm
                    SERV1   0x000025    program     static C:\Users\julit\Documents\GitHub\micros-\project_final.X\main_proyect.asm
                    SERV2   0x000036    program     static C:\Users\julit\Documents\GitHub\micros-\project_final.X\main_proyect.asm
                    SETUP   0x000003    program     static C:\Users\julit\Documents\GitHub\micros-\project_final.X\main_proyect.asm
          _MAIN_PROG_002B   0x00002e    program     static C:\Users\julit\Documents\GitHub\micros-\project_final.X\main_proyect.asm
          _MAIN_PROG_003C   0x00003f    program     static C:\Users\julit\Documents\GitHub\micros-\project_final.X\main_proyect.asm
          _MAIN_PROG_004B   0x00004e    program     static C:\Users\julit\Documents\GitHub\micros-\project_final.X\main_proyect.asm
                    ADC_V   0x000021       data     static C:\Users\julit\Documents\GitHub\micros-\project_final.X\main_proyect.asm
                   ADC_V2   0x000020       data     static C:\Users\julit\Documents\GitHub\micros-\project_final.X\main_proyect.asm
                    DELAY   0x000022       data     static C:\Users\julit\Documents\GitHub\micros-\project_final.X\main_proyect.asm
                        X   0x000023       data     static C:\Users\julit\Documents\GitHub\micros-\project_final.X\main_proyect.asm



                              Symbols - Sorted by Address
                     Name    Address   Location    Storage File                     
                ---------  ---------  ---------  --------- ---------                
                    SETUP   0x000003    program     static C:\Users\julit\Documents\GitHub\micros-\project_final.X\main_proyect.asm
                     LOOP   0x000009    program     static C:\Users\julit\Documents\GitHub\micros-\project_final.X\main_proyect.asm
                CONFIG_IO   0x00000d    program     static C:\Users\julit\Documents\GitHub\micros-\project_final.X\main_proyect.asm
               CONFIG_ADC   0x000020    program     static C:\Users\julit\Documents\GitHub\micros-\project_final.X\main_proyect.asm
                    SERV1   0x000025    program     static C:\Users\julit\Documents\GitHub\micros-\project_final.X\main_proyect.asm
          _MAIN_PROG_002B   0x00002e    program     static C:\Users\julit\Documents\GitHub\micros-\project_final.X\main_proyect.asm
                    SERV2   0x000036    program     static C:\Users\julit\Documents\GitHub\micros-\project_final.X\main_proyect.asm
          _MAIN_PROG_003C   0x00003f    program     static C:\Users\julit\Documents\GitHub\micros-\project_final.X\main_proyect.asm
                    MAPEO   0x000048    program     static C:\Users\julit\Documents\GitHub\micros-\project_final.X\main_proyect.asm
                DELAY10US   0x00004d    program     static C:\Users\julit\Documents\GitHub\micros-\project_final.X\main_proyect.asm
          _MAIN_PROG_004B   0x00004e    program     static C:\Users\julit\Documents\GitHub\micros-\project_final.X\main_proyect.asm
               CONFIG_PWM   0x000052    program     static C:\Users\julit\Documents\GitHub\micros-\project_final.X\main_proyect.asm
                   ADC_V2   0x000020       data     static C:\Users\julit\Documents\GitHub\micros-\project_final.X\main_proyect.asm
                    ADC_V   0x000021       data     static C:\Users\julit\Documents\GitHub\micros-\project_final.X\main_proyect.asm
                    DELAY   0x000022       data     static C:\Users\julit\Documents\GitHub\micros-\project_final.X\main_proyect.asm
                        X   0x000023       data     static C:\Users\julit\Documents\GitHub\micros-\project_final.X\main_proyect.asm


