MPLINK 5.08, LINKER
Linker Map File - Created Thu Oct 08 10:29:17 2020

                                 Section Info
                  Section       Type    Address   Location Size(Bytes)
                ---------  ---------  ---------  ---------  ---------
                 RES_VECT       code   0x000000    program   0x000002
                   .cinit    romdata   0x000001    program   0x000004
                  ISR_VEC       code   0x000004    program   0x00006a
                MAIN_PROG       code   0x000100    program   0x000160
.config_2007_BUILD/DEFAULT/PRODUCTION/LAB_7CH       code   0x002007    program   0x000002
.config_2008_BUILD/DEFAULT/PRODUCTION/LAB_7CH       code   0x002008    program   0x000002
                  GPR_VAR      udata   0x000020       data   0x00000d



                              Program Memory Usage 
                               Start         End      
                           ---------   ---------      
                            0x000000    0x000002      
                            0x000004    0x000038      
                            0x000100    0x0001af      
                            0x002007    0x002008      
            234 out of 8455 program addresses used, program memory utilization is 2%



                              Symbols - Sorted by Name
                     Name    Address   Location    Storage File                     
                ---------  ---------  ---------  --------- ---------                
            CONFIG_CHACHA   0x000133    program     static C:\Users\julit\Documents\GitHub\micros-\lab7.X\lab_7chacha.asm
              CONFIG_FLAG   0x000159    program     static C:\Users\julit\Documents\GitHub\micros-\lab7.X\lab_7chacha.asm
                CONFIG_IO   0x00018f    program     static C:\Users\julit\Documents\GitHub\micros-\lab7.X\lab_7chacha.asm
               CONFIG_OSC   0x000154    program     static C:\Users\julit\Documents\GitHub\micros-\lab7.X\lab_7chacha.asm
            CONFIG_TIMER0   0x000167    program     static C:\Users\julit\Documents\GitHub\micros-\lab7.X\lab_7chacha.asm
            CONFIG_TIMER1   0x000174    program     static C:\Users\julit\Documents\GitHub\micros-\lab7.X\lab_7chacha.asm
            CONFIG_TIMER2   0x000182    program     static C:\Users\julit\Documents\GitHub\micros-\lab7.X\lab_7chacha.asm
               DISPLAY_D1   0x000146    program     static C:\Users\julit\Documents\GitHub\micros-\lab7.X\lab_7chacha.asm
               DISPLAY_D2   0x00014d    program     static C:\Users\julit\Documents\GitHub\micros-\lab7.X\lab_7chacha.asm
                FUE_TIMR0   0x000015    program     static C:\Users\julit\Documents\GitHub\micros-\lab7.X\lab_7chacha.asm
                FUE_TIMR1   0x00001e    program     static C:\Users\julit\Documents\GitHub\micros-\lab7.X\lab_7chacha.asm
                FUE_TIMR2   0x000024    program     static C:\Users\julit\Documents\GitHub\micros-\lab7.X\lab_7chacha.asm
                      ISR   0x000008    program     static C:\Users\julit\Documents\GitHub\micros-\lab7.X\lab_7chacha.asm
                     LOOP   0x000118    program     static C:\Users\julit\Documents\GitHub\micros-\lab7.X\lab_7chacha.asm
                      POP   0x00000f    program     static C:\Users\julit\Documents\GitHub\micros-\lab7.X\lab_7chacha.asm
                     PUSH   0x000004    program     static C:\Users\julit\Documents\GitHub\micros-\lab7.X\lab_7chacha.asm
                   SAVEGG   0x00012a    program     static C:\Users\julit\Documents\GitHub\micros-\lab7.X\lab_7chacha.asm
                  SEV_SEG   0x000028    program     static C:\Users\julit\Documents\GitHub\micros-\lab7.X\lab_7chacha.asm
                    START   0x000100    program     static C:\Users\julit\Documents\GitHub\micros-\lab7.X\lab_7chacha.asm
                       UP   0x000119    program     static C:\Users\julit\Documents\GitHub\micros-\lab7.X\lab_7chacha.asm
                      UP2   0x000121    program     static C:\Users\julit\Documents\GitHub\micros-\lab7.X\lab_7chacha.asm
                     CLIF   0x000025       data     static C:\Users\julit\Documents\GitHub\micros-\lab7.X\lab_7chacha.asm
                     CONT   0x000020       data     static C:\Users\julit\Documents\GitHub\micros-\lab7.X\lab_7chacha.asm
                    CONT1   0x000021       data     static C:\Users\julit\Documents\GitHub\micros-\lab7.X\lab_7chacha.asm
                    CONT2   0x000022       data     static C:\Users\julit\Documents\GitHub\micros-\lab7.X\lab_7chacha.asm
                       N1   0x000028       data     static C:\Users\julit\Documents\GitHub\micros-\lab7.X\lab_7chacha.asm
                       N2   0x000029       data     static C:\Users\julit\Documents\GitHub\micros-\lab7.X\lab_7chacha.asm
                      QUO   0x00002a       data     static C:\Users\julit\Documents\GitHub\micros-\lab7.X\lab_7chacha.asm
                     QUO1   0x00002b       data     static C:\Users\julit\Documents\GitHub\micros-\lab7.X\lab_7chacha.asm
                      REM   0x00002c       data     static C:\Users\julit\Documents\GitHub\micros-\lab7.X\lab_7chacha.asm
              STATUS_TEMP   0x000027       data     static C:\Users\julit\Documents\GitHub\micros-\lab7.X\lab_7chacha.asm
                     TEMP   0x000023       data     static C:\Users\julit\Documents\GitHub\micros-\lab7.X\lab_7chacha.asm
                    TEMP1   0x000024       data     static C:\Users\julit\Documents\GitHub\micros-\lab7.X\lab_7chacha.asm
                   W_TEMP   0x000026       data     static C:\Users\julit\Documents\GitHub\micros-\lab7.X\lab_7chacha.asm



                              Symbols - Sorted by Address
                     Name    Address   Location    Storage File                     
                ---------  ---------  ---------  --------- ---------                
                     PUSH   0x000004    program     static C:\Users\julit\Documents\GitHub\micros-\lab7.X\lab_7chacha.asm
                      ISR   0x000008    program     static C:\Users\julit\Documents\GitHub\micros-\lab7.X\lab_7chacha.asm
                      POP   0x00000f    program     static C:\Users\julit\Documents\GitHub\micros-\lab7.X\lab_7chacha.asm
                FUE_TIMR0   0x000015    program     static C:\Users\julit\Documents\GitHub\micros-\lab7.X\lab_7chacha.asm
                FUE_TIMR1   0x00001e    program     static C:\Users\julit\Documents\GitHub\micros-\lab7.X\lab_7chacha.asm
                FUE_TIMR2   0x000024    program     static C:\Users\julit\Documents\GitHub\micros-\lab7.X\lab_7chacha.asm
                  SEV_SEG   0x000028    program     static C:\Users\julit\Documents\GitHub\micros-\lab7.X\lab_7chacha.asm
                    START   0x000100    program     static C:\Users\julit\Documents\GitHub\micros-\lab7.X\lab_7chacha.asm
                     LOOP   0x000118    program     static C:\Users\julit\Documents\GitHub\micros-\lab7.X\lab_7chacha.asm
                       UP   0x000119    program     static C:\Users\julit\Documents\GitHub\micros-\lab7.X\lab_7chacha.asm
                      UP2   0x000121    program     static C:\Users\julit\Documents\GitHub\micros-\lab7.X\lab_7chacha.asm
                   SAVEGG   0x00012a    program     static C:\Users\julit\Documents\GitHub\micros-\lab7.X\lab_7chacha.asm
            CONFIG_CHACHA   0x000133    program     static C:\Users\julit\Documents\GitHub\micros-\lab7.X\lab_7chacha.asm
               DISPLAY_D1   0x000146    program     static C:\Users\julit\Documents\GitHub\micros-\lab7.X\lab_7chacha.asm
               DISPLAY_D2   0x00014d    program     static C:\Users\julit\Documents\GitHub\micros-\lab7.X\lab_7chacha.asm
               CONFIG_OSC   0x000154    program     static C:\Users\julit\Documents\GitHub\micros-\lab7.X\lab_7chacha.asm
              CONFIG_FLAG   0x000159    program     static C:\Users\julit\Documents\GitHub\micros-\lab7.X\lab_7chacha.asm
            CONFIG_TIMER0   0x000167    program     static C:\Users\julit\Documents\GitHub\micros-\lab7.X\lab_7chacha.asm
            CONFIG_TIMER1   0x000174    program     static C:\Users\julit\Documents\GitHub\micros-\lab7.X\lab_7chacha.asm
            CONFIG_TIMER2   0x000182    program     static C:\Users\julit\Documents\GitHub\micros-\lab7.X\lab_7chacha.asm
                CONFIG_IO   0x00018f    program     static C:\Users\julit\Documents\GitHub\micros-\lab7.X\lab_7chacha.asm
                     CONT   0x000020       data     static C:\Users\julit\Documents\GitHub\micros-\lab7.X\lab_7chacha.asm
                    CONT1   0x000021       data     static C:\Users\julit\Documents\GitHub\micros-\lab7.X\lab_7chacha.asm
                    CONT2   0x000022       data     static C:\Users\julit\Documents\GitHub\micros-\lab7.X\lab_7chacha.asm
                     TEMP   0x000023       data     static C:\Users\julit\Documents\GitHub\micros-\lab7.X\lab_7chacha.asm
                    TEMP1   0x000024       data     static C:\Users\julit\Documents\GitHub\micros-\lab7.X\lab_7chacha.asm
                     CLIF   0x000025       data     static C:\Users\julit\Documents\GitHub\micros-\lab7.X\lab_7chacha.asm
                   W_TEMP   0x000026       data     static C:\Users\julit\Documents\GitHub\micros-\lab7.X\lab_7chacha.asm
              STATUS_TEMP   0x000027       data     static C:\Users\julit\Documents\GitHub\micros-\lab7.X\lab_7chacha.asm
                       N1   0x000028       data     static C:\Users\julit\Documents\GitHub\micros-\lab7.X\lab_7chacha.asm
                       N2   0x000029       data     static C:\Users\julit\Documents\GitHub\micros-\lab7.X\lab_7chacha.asm
                      QUO   0x00002a       data     static C:\Users\julit\Documents\GitHub\micros-\lab7.X\lab_7chacha.asm
                     QUO1   0x00002b       data     static C:\Users\julit\Documents\GitHub\micros-\lab7.X\lab_7chacha.asm
                      REM   0x00002c       data     static C:\Users\julit\Documents\GitHub\micros-\lab7.X\lab_7chacha.asm


