MPLINK 5.08, LINKER
Linker Map File - Created Thu Oct 08 10:35:00 2020

                                 Section Info
                  Section       Type    Address   Location Size(Bytes)
                ---------  ---------  ---------  ---------  ---------
                 RES_VECT       code   0x000000    program   0x000002
                   .cinit    romdata   0x000001    program   0x000004
                MAIN_PROG       code   0x000100    program   0x000142
.config_2007_BUILD/DEFAULT/PRODUCTION/LAB7MAS       code   0x002007    program   0x000002
.config_2008_BUILD/DEFAULT/PRODUCTION/LAB7MAS       code   0x002008    program   0x000002
                  GPR_VAR      udata   0x000020       data   0x000005



                              Program Memory Usage 
                               Start         End      
                           ---------   ---------      
                            0x000000    0x000002      
                            0x000100    0x0001a0      
                            0x002007    0x002008      
            166 out of 8455 program addresses used, program memory utilization is 1%



                              Symbols - Sorted by Name
                     Name    Address   Location    Storage File                     
                ---------  ---------  ---------  --------- ---------                
               CONFIG_ADC   0x000136    program     static C:\Users\julit\Documents\GitHub\micros-\lab_7_a.X\lab7master.asm
                CONFIG_IO   0x000147    program     static C:\Users\julit\Documents\GitHub\micros-\lab_7_a.X\lab7master.asm
            CONFIG_MASTER   0x000116    program     static C:\Users\julit\Documents\GitHub\micros-\lab_7_a.X\lab7master.asm
               CONFIG_OSC   0x000131    program     static C:\Users\julit\Documents\GitHub\micros-\lab_7_a.X\lab7master.asm
                    DELAY   0x000169    program     static C:\Users\julit\Documents\GitHub\micros-\lab_7_a.X\lab7master.asm
                     LOOP   0x00010e    program     static C:\Users\julit\Documents\GitHub\micros-\lab_7_a.X\lab7master.asm
                     SEND   0x00012c    program     static C:\Users\julit\Documents\GitHub\micros-\lab_7_a.X\lab7master.asm
                    START   0x000100    program     static C:\Users\julit\Documents\GitHub\micros-\lab_7_a.X\lab7master.asm
          _MAIN_PROG_0111   0x000111    program     static C:\Users\julit\Documents\GitHub\micros-\lab_7_a.X\lab7master.asm
                     CONT   0x000020       data     static C:\Users\julit\Documents\GitHub\micros-\lab_7_a.X\lab7master.asm
              STATUS_TEMP   0x000024       data     static C:\Users\julit\Documents\GitHub\micros-\lab_7_a.X\lab7master.asm
                     TEMP   0x000021       data     static C:\Users\julit\Documents\GitHub\micros-\lab_7_a.X\lab7master.asm
                    TEMP1   0x000022       data     static C:\Users\julit\Documents\GitHub\micros-\lab_7_a.X\lab7master.asm
                   W_TEMP   0x000023       data     static C:\Users\julit\Documents\GitHub\micros-\lab_7_a.X\lab7master.asm



                              Symbols - Sorted by Address
                     Name    Address   Location    Storage File                     
                ---------  ---------  ---------  --------- ---------                
                    START   0x000100    program     static C:\Users\julit\Documents\GitHub\micros-\lab_7_a.X\lab7master.asm
                     LOOP   0x00010e    program     static C:\Users\julit\Documents\GitHub\micros-\lab_7_a.X\lab7master.asm
          _MAIN_PROG_0111   0x000111    program     static C:\Users\julit\Documents\GitHub\micros-\lab_7_a.X\lab7master.asm
            CONFIG_MASTER   0x000116    program     static C:\Users\julit\Documents\GitHub\micros-\lab_7_a.X\lab7master.asm
                     SEND   0x00012c    program     static C:\Users\julit\Documents\GitHub\micros-\lab_7_a.X\lab7master.asm
               CONFIG_OSC   0x000131    program     static C:\Users\julit\Documents\GitHub\micros-\lab_7_a.X\lab7master.asm
               CONFIG_ADC   0x000136    program     static C:\Users\julit\Documents\GitHub\micros-\lab_7_a.X\lab7master.asm
                CONFIG_IO   0x000147    program     static C:\Users\julit\Documents\GitHub\micros-\lab_7_a.X\lab7master.asm
                    DELAY   0x000169    program     static C:\Users\julit\Documents\GitHub\micros-\lab_7_a.X\lab7master.asm
                     CONT   0x000020       data     static C:\Users\julit\Documents\GitHub\micros-\lab_7_a.X\lab7master.asm
                     TEMP   0x000021       data     static C:\Users\julit\Documents\GitHub\micros-\lab_7_a.X\lab7master.asm
                    TEMP1   0x000022       data     static C:\Users\julit\Documents\GitHub\micros-\lab_7_a.X\lab7master.asm
                   W_TEMP   0x000023       data     static C:\Users\julit\Documents\GitHub\micros-\lab_7_a.X\lab7master.asm
              STATUS_TEMP   0x000024       data     static C:\Users\julit\Documents\GitHub\micros-\lab_7_a.X\lab7master.asm


